[    0.000000] microcode: microcode updated early to revision 0x429, date = 2023-01-11
[    0.000000] Linux version 6.2.0-20-generic (buildd@lcy02-amd64-035) (x86_64-linux-gnu-gcc-12 (Ubuntu 12.2.0-17ubuntu1) 12.2.0, GNU ld (GNU Binutils for Ubuntu) 2.40) #20-Ubuntu SMP PREEMPT_DYNAMIC Thu Apr  6 07:48:48 UTC 2023 (Ubuntu 6.2.0-20.20-generic 6.2.6)
[    0.000000] Command line: BOOT_IMAGE=/vmlinuz-6.2.0-20-generic root=/dev/mapper/ubuntu--vg-ubuntu--lv ro
[    0.000000] KERNEL supported cpus:
[    0.000000]   Intel GenuineIntel
[    0.000000]   AMD AuthenticAMD
[    0.000000]   Hygon HygonGenuine
[    0.000000]   Centaur CentaurHauls
[    0.000000]   zhaoxin   Shanghai  
[    0.000000] x86/split lock detection: #AC: crashing the kernel on kernel split_locks and warning on user-space split_locks
[    0.000000] x86/fpu: Supporting XSAVE feature 0x001: 'x87 floating point registers'
[    0.000000] x86/fpu: Supporting XSAVE feature 0x002: 'SSE registers'
[    0.000000] x86/fpu: Supporting XSAVE feature 0x004: 'AVX registers'
[    0.000000] x86/fpu: Supporting XSAVE feature 0x200: 'Protection Keys User registers'
[    0.000000] x86/fpu: xstate_offset[2]:  576, xstate_sizes[2]:  256
[    0.000000] x86/fpu: xstate_offset[9]:  832, xstate_sizes[9]:    8
[    0.000000] x86/fpu: Enabled xstate features 0x207, context size is 840 bytes, using 'compacted' format.
[    0.000000] signal: max sigframe size: 3632
[    0.000000] BIOS-provided physical RAM map:
[    0.000000] BIOS-e820: [mem 0x0000000000000000-0x000000000009dfff] usable
[    0.000000] BIOS-e820: [mem 0x000000000009e000-0x000000000009efff] reserved
[    0.000000] BIOS-e820: [mem 0x000000000009f000-0x000000000009ffff] usable
[    0.000000] BIOS-e820: [mem 0x00000000000a0000-0x00000000000fffff] reserved
[    0.000000] BIOS-e820: [mem 0x0000000000100000-0x0000000031236fff] usable
[    0.000000] BIOS-e820: [mem 0x0000000031237000-0x0000000034336fff] reserved
[    0.000000] BIOS-e820: [mem 0x0000000034337000-0x0000000034423fff] ACPI data
[    0.000000] BIOS-e820: [mem 0x0000000034424000-0x0000000034528fff] ACPI NVS
[    0.000000] BIOS-e820: [mem 0x0000000034529000-0x0000000034efefff] reserved
[    0.000000] BIOS-e820: [mem 0x0000000034eff000-0x0000000034efffff] usable
[    0.000000] BIOS-e820: [mem 0x0000000034f00000-0x0000000038ffffff] reserved
[    0.000000] BIOS-e820: [mem 0x0000000039e00000-0x000000003f7fffff] reserved
[    0.000000] BIOS-e820: [mem 0x00000000c0000000-0x00000000cfffffff] reserved
[    0.000000] BIOS-e820: [mem 0x00000000fe000000-0x00000000fe010fff] reserved
[    0.000000] BIOS-e820: [mem 0x00000000fec00000-0x00000000fec00fff] reserved
[    0.000000] BIOS-e820: [mem 0x00000000fed00000-0x00000000fed00fff] reserved
[    0.000000] BIOS-e820: [mem 0x00000000fed20000-0x00000000fed7ffff] reserved
[    0.000000] BIOS-e820: [mem 0x00000000fee00000-0x00000000fee00fff] reserved
[    0.000000] BIOS-e820: [mem 0x00000000ff000000-0x00000000ffffffff] reserved
[    0.000000] BIOS-e820: [mem 0x0000000100000000-0x00000008c07fffff] usable
[    0.000000] NX (Execute Disable) protection: active
[    0.000000] e820: update [mem 0x2a466018-0x2a49e057] usable ==> usable
[    0.000000] e820: update [mem 0x2a466018-0x2a49e057] usable ==> usable
[    0.000000] e820: update [mem 0x2a08b018-0x2a0c3057] usable ==> usable
[    0.000000] e820: update [mem 0x2a08b018-0x2a0c3057] usable ==> usable
[    0.000000] extended physical RAM map:
[    0.000000] reserve setup_data: [mem 0x0000000000000000-0x000000000009dfff] usable
[    0.000000] reserve setup_data: [mem 0x000000000009e000-0x000000000009efff] reserved
[    0.000000] reserve setup_data: [mem 0x000000000009f000-0x000000000009ffff] usable
[    0.000000] reserve setup_data: [mem 0x00000000000a0000-0x00000000000fffff] reserved
[    0.000000] reserve setup_data: [mem 0x0000000000100000-0x000000002a08b017] usable
[    0.000000] reserve setup_data: [mem 0x000000002a08b018-0x000000002a0c3057] usable
[    0.000000] reserve setup_data: [mem 0x000000002a0c3058-0x000000002a466017] usable
[    0.000000] reserve setup_data: [mem 0x000000002a466018-0x000000002a49e057] usable
[    0.000000] reserve setup_data: [mem 0x000000002a49e058-0x0000000031236fff] usable
[    0.000000] reserve setup_data: [mem 0x0000000031237000-0x0000000034336fff] reserved
[    0.000000] reserve setup_data: [mem 0x0000000034337000-0x0000000034423fff] ACPI data
[    0.000000] reserve setup_data: [mem 0x0000000034424000-0x0000000034528fff] ACPI NVS
[    0.000000] reserve setup_data: [mem 0x0000000034529000-0x0000000034efefff] reserved
[    0.000000] reserve setup_data: [mem 0x0000000034eff000-0x0000000034efffff] usable
[    0.000000] reserve setup_data: [mem 0x0000000034f00000-0x0000000038ffffff] reserved
[    0.000000] reserve setup_data: [mem 0x0000000039e00000-0x000000003f7fffff] reserved
[    0.000000] reserve setup_data: [mem 0x00000000c0000000-0x00000000cfffffff] reserved
[    0.000000] reserve setup_data: [mem 0x00000000fe000000-0x00000000fe010fff] reserved
[    0.000000] reserve setup_data: [mem 0x00000000fec00000-0x00000000fec00fff] reserved
[    0.000000] reserve setup_data: [mem 0x00000000fed00000-0x00000000fed00fff] reserved
[    0.000000] reserve setup_data: [mem 0x00000000fed20000-0x00000000fed7ffff] reserved
[    0.000000] reserve setup_data: [mem 0x00000000fee00000-0x00000000fee00fff] reserved
[    0.000000] reserve setup_data: [mem 0x00000000ff000000-0x00000000ffffffff] reserved
[    0.000000] reserve setup_data: [mem 0x0000000100000000-0x00000008c07fffff] usable
[    0.000000] efi: EFI v2.80 by American Megatrends
[    0.000000] efi: ACPI=0x344a5000 ACPI 2.0=0x344a5014 TPMFinalLog=0x34474000 SMBIOS=0x34b96000 SMBIOS 3.0=0x34b95000 ESRT=0x2ee18c98 MOKvar=0x34bd8000 RNG=0x34365018 TPMEventLog=0x2aa9c018 
[    0.000000] random: crng init done
[    0.000000] efi: Remove mem82: MMIO range=[0xc0000000-0xcfffffff] (256MB) from e820 map
[    0.000000] e820: remove [mem 0xc0000000-0xcfffffff] reserved
[    0.000000] efi: Not removing mem83: MMIO range=[0xfe000000-0xfe010fff] (68KB) from e820 map
[    0.000000] efi: Not removing mem84: MMIO range=[0xfec00000-0xfec00fff] (4KB) from e820 map
[    0.000000] efi: Not removing mem85: MMIO range=[0xfed00000-0xfed00fff] (4KB) from e820 map
[    0.000000] efi: Not removing mem87: MMIO range=[0xfee00000-0xfee00fff] (4KB) from e820 map
[    0.000000] efi: Remove mem88: MMIO range=[0xff000000-0xffffffff] (16MB) from e820 map
[    0.000000] e820: remove [mem 0xff000000-0xffffffff] reserved
[    0.000000] secureboot: Secure boot disabled
[    0.000000] SMBIOS 3.5.0 present.
[    0.000000] DMI: Intel Alder Lake-H PCH (ERYING G660 ITX)/Alder Lake-H PCH (ERYING G660 ITX), BIOS 5.27 03/07/2023
[    0.000000] tsc: Detected 3100.000 MHz processor
[    0.000000] tsc: Detected 3110.400 MHz TSC
[    0.001105] e820: update [mem 0x00000000-0x00000fff] usable ==> reserved
[    0.001106] e820: remove [mem 0x000a0000-0x000fffff] usable
[    0.001112] last_pfn = 0x8c0800 max_arch_pfn = 0x400000000
[    0.001162] x86/PAT: Configuration [0-7]: WB  WC  UC- UC  WB  WP  UC- WT  
[    0.001686] last_pfn = 0x34f00 max_arch_pfn = 0x400000000
[    0.013242] esrt: Reserving ESRT space from 0x000000002ee18c98 to 0x000000002ee18d48.
[    0.013247] e820: update [mem 0x2ee18000-0x2ee18fff] usable ==> reserved
[    0.013262] Using GB pages for direct mapping
[    0.013530] secureboot: Secure boot disabled
[    0.013530] RAMDISK: [mem 0x14ca0000-0x1ca4bfff]
[    0.013541] ACPI: Early table checksum verification disabled
[    0.013544] ACPI: RSDP 0x00000000344A5014 000024 (v02 ALASKA)
[    0.013548] ACPI: XSDT 0x00000000344A4728 000104 (v01 ALASKA A M I    01072009 AMI  01000013)
[    0.013552] ACPI: FACP 0x0000000034421000 000114 (v06 ALASKA A M I    01072009 AMI  01000013)
[    0.013556] ACPI: DSDT 0x0000000034394000 08CBB6 (v02 ALASKA A M I    01072009 INTL 20200717)
[    0.013558] ACPI: FACS 0x0000000034528000 000040
[    0.013560] ACPI: FIDT 0x0000000034393000 00009C (v01 ALASKA A M I    01072009 AMI  00010013)
[    0.013562] ACPI: SSDT 0x0000000034423000 00038C (v02 PmaxDv Pmax_Dev 00000001 INTL 20200717)
[    0.013565] ACPI: SSDT 0x000000003438D000 005D34 (v02 CpuRef CpuSsdt  00003000 INTL 20200717)
[    0.013567] ACPI: SSDT 0x000000003438A000 002935 (v02 SaSsdt SaSsdt   00003000 INTL 20200717)
[    0.013569] ACPI: SSDT 0x0000000034386000 0033D3 (v02 INTEL  IgfxSsdt 00003000 INTL 20200717)
[    0.013571] ACPI: HPET 0x0000000034422000 000038 (v01 ALASKA A M I    01072009 AMI  01000013)
[    0.013573] ACPI: APIC 0x0000000034385000 0001DC (v05 ALASKA A M I    01072009 AMI  01000013)
[    0.013575] ACPI: MCFG 0x0000000034384000 00003C (v01 ALASKA A M I    01072009 AMI  01000013)
[    0.013577] ACPI: SSDT 0x0000000034382000 001F1A (v02 ALASKA Ther_Rvp 00001000 INTL 20200717)
[    0.013579] ACPI: UEFI 0x000000003445B000 000048 (v01 ALASKA A M I    01072009 AMI  01000013)
[    0.013581] ACPI: NHLT 0x0000000034381000 00002D (v00 ALASKA A M I    01072009 AMI  01000013)
[    0.013583] ACPI: LPIT 0x0000000034380000 0000CC (v01 ALASKA A M I    01072009 AMI  01000013)
[    0.013585] ACPI: SSDT 0x000000003437C000 002A83 (v02 ALASKA PtidDevc 00001000 INTL 20200717)
[    0.013588] ACPI: SSDT 0x0000000034379000 002357 (v02 ALASKA TbtTypeC 00000000 INTL 20200717)
[    0.013590] ACPI: DBGP 0x0000000034378000 000034 (v01 ALASKA A M I    01072009 AMI  01000013)
[    0.013592] ACPI: DBG2 0x0000000034377000 000054 (v00 ALASKA A M I    01072009 AMI  01000013)
[    0.013594] ACPI: SSDT 0x0000000034375000 001919 (v02 ALASKA UsbCTabl 00001000 INTL 20200717)
[    0.013596] ACPI: DMAR 0x0000000034374000 000088 (v02 INTEL  EDK2     00000002      01000013)
[    0.013598] ACPI: FPDT 0x0000000034373000 000044 (v01 ALASKA A M I    01072009 AMI  01000013)
[    0.013600] ACPI: SSDT 0x0000000034372000 000C0C (v02 INTEL  xh_adlLP 00000000 INTL 20200717)
[    0.013602] ACPI: SSDT 0x000000003436E000 003AEA (v02 SocGpe SocGpe   00003000 INTL 20200717)
[    0.013604] ACPI: SSDT 0x000000003436A000 0039DA (v02 SocCmn SocCmn   00003000 INTL 20200717)
[    0.013606] ACPI: SSDT 0x0000000034369000 000144 (v02 Intel  ADebTabl 00001000 INTL 20200717)
[    0.013608] ACPI: TPM2 0x0000000034367000 00004C (v04 ALASKA A M I    00000001 AMI  00000000)
[    0.013610] ACPI: BGRT 0x0000000034368000 000038 (v01 ALASKA A M I    01072009 AMI  00010013)
[    0.013613] ACPI: PHAT 0x0000000034366000 000611 (v01 ALASKA A M I    00000005 MSFT 0100000D)
[    0.013615] ACPI: WSMT 0x000000003437F000 000028 (v01 ALASKA A M I    01072009 AMI  00010013)
[    0.013616] ACPI: Reserving FACP table memory at [mem 0x34421000-0x34421113]
[    0.013617] ACPI: Reserving DSDT table memory at [mem 0x34394000-0x34420bb5]
[    0.013618] ACPI: Reserving FACS table memory at [mem 0x34528000-0x3452803f]
[    0.013619] ACPI: Reserving FIDT table memory at [mem 0x34393000-0x3439309b]
[    0.013619] ACPI: Reserving SSDT table memory at [mem 0x34423000-0x3442338b]
[    0.013620] ACPI: Reserving SSDT table memory at [mem 0x3438d000-0x34392d33]
[    0.013620] ACPI: Reserving SSDT table memory at [mem 0x3438a000-0x3438c934]
[    0.013621] ACPI: Reserving SSDT table memory at [mem 0x34386000-0x343893d2]
[    0.013621] ACPI: Reserving HPET table memory at [mem 0x34422000-0x34422037]
[    0.013622] ACPI: Reserving APIC table memory at [mem 0x34385000-0x343851db]
[    0.013623] ACPI: Reserving MCFG table memory at [mem 0x34384000-0x3438403b]
[    0.013623] ACPI: Reserving SSDT table memory at [mem 0x34382000-0x34383f19]
[    0.013624] ACPI: Reserving UEFI table memory at [mem 0x3445b000-0x3445b047]
[    0.013624] ACPI: Reserving NHLT table memory at [mem 0x34381000-0x3438102c]
[    0.013625] ACPI: Reserving LPIT table memory at [mem 0x34380000-0x343800cb]
[    0.013625] ACPI: Reserving SSDT table memory at [mem 0x3437c000-0x3437ea82]
[    0.013626] ACPI: Reserving SSDT table memory at [mem 0x34379000-0x3437b356]
[    0.013627] ACPI: Reserving DBGP table memory at [mem 0x34378000-0x34378033]
[    0.013627] ACPI: Reserving DBG2 table memory at [mem 0x34377000-0x34377053]
[    0.013628] ACPI: Reserving SSDT table memory at [mem 0x34375000-0x34376918]
[    0.013628] ACPI: Reserving DMAR table memory at [mem 0x34374000-0x34374087]
[    0.013629] ACPI: Reserving FPDT table memory at [mem 0x34373000-0x34373043]
[    0.013629] ACPI: Reserving SSDT table memory at [mem 0x34372000-0x34372c0b]
[    0.013630] ACPI: Reserving SSDT table memory at [mem 0x3436e000-0x34371ae9]
[    0.013631] ACPI: Reserving SSDT table memory at [mem 0x3436a000-0x3436d9d9]
[    0.013631] ACPI: Reserving SSDT table memory at [mem 0x34369000-0x34369143]
[    0.013632] ACPI: Reserving TPM2 table memory at [mem 0x34367000-0x3436704b]
[    0.013632] ACPI: Reserving BGRT table memory at [mem 0x34368000-0x34368037]
[    0.013633] ACPI: Reserving PHAT table memory at [mem 0x34366000-0x34366610]
[    0.013633] ACPI: Reserving WSMT table memory at [mem 0x3437f000-0x3437f027]
[    0.013718] No NUMA configuration found
[    0.013719] Faking a node at [mem 0x0000000000000000-0x00000008c07fffff]
[    0.013723] NODE_DATA(0) allocated [mem 0x8c07d5000-0x8c07fffff]
[    0.013864] Zone ranges:
[    0.013864]   DMA      [mem 0x0000000000001000-0x0000000000ffffff]
[    0.013865]   DMA32    [mem 0x0000000001000000-0x00000000ffffffff]
[    0.013866]   Normal   [mem 0x0000000100000000-0x00000008c07fffff]
[    0.013867]   Device   empty
[    0.013868] Movable zone start for each node
[    0.013869] Early memory node ranges
[    0.013869]   node   0: [mem 0x0000000000001000-0x000000000009dfff]
[    0.013870]   node   0: [mem 0x000000000009f000-0x000000000009ffff]
[    0.013870]   node   0: [mem 0x0000000000100000-0x0000000031236fff]
[    0.013871]   node   0: [mem 0x0000000034eff000-0x0000000034efffff]
[    0.013871]   node   0: [mem 0x0000000100000000-0x00000008c07fffff]
[    0.013873] Initmem setup node 0 [mem 0x0000000000001000-0x00000008c07fffff]
[    0.013876] On node 0, zone DMA: 1 pages in unavailable ranges
[    0.013876] On node 0, zone DMA: 1 pages in unavailable ranges
[    0.013889] On node 0, zone DMA: 96 pages in unavailable ranges
[    0.014660] On node 0, zone DMA32: 15560 pages in unavailable ranges
[    0.052858] On node 0, zone Normal: 12544 pages in unavailable ranges
[    0.053041] On node 0, zone Normal: 30720 pages in unavailable ranges
[    0.053077] Reserving Intel graphics memory at [mem 0x3b800000-0x3f7fffff]
[    0.053248] ACPI: PM-Timer IO Port: 0x1808
[    0.053254] ACPI: LAPIC_NMI (acpi_id[0x01] high edge lint[0x1])
[    0.053255] ACPI: LAPIC_NMI (acpi_id[0x02] high edge lint[0x1])
[    0.053255] ACPI: LAPIC_NMI (acpi_id[0x03] high edge lint[0x1])
[    0.053256] ACPI: LAPIC_NMI (acpi_id[0x04] high edge lint[0x1])
[    0.053256] ACPI: LAPIC_NMI (acpi_id[0x05] high edge lint[0x1])
[    0.053257] ACPI: LAPIC_NMI (acpi_id[0x06] high edge lint[0x1])
[    0.053257] ACPI: LAPIC_NMI (acpi_id[0x07] high edge lint[0x1])
[    0.053257] ACPI: LAPIC_NMI (acpi_id[0x08] high edge lint[0x1])
[    0.053258] ACPI: LAPIC_NMI (acpi_id[0x09] high edge lint[0x1])
[    0.053258] ACPI: LAPIC_NMI (acpi_id[0x0a] high edge lint[0x1])
[    0.053259] ACPI: LAPIC_NMI (acpi_id[0x0b] high edge lint[0x1])
[    0.053259] ACPI: LAPIC_NMI (acpi_id[0x0c] high edge lint[0x1])
[    0.053260] ACPI: LAPIC_NMI (acpi_id[0x0d] high edge lint[0x1])
[    0.053260] ACPI: LAPIC_NMI (acpi_id[0x0e] high edge lint[0x1])
[    0.053260] ACPI: LAPIC_NMI (acpi_id[0x0f] high edge lint[0x1])
[    0.053261] ACPI: LAPIC_NMI (acpi_id[0x10] high edge lint[0x1])
[    0.053261] ACPI: LAPIC_NMI (acpi_id[0x11] high edge lint[0x1])
[    0.053262] ACPI: LAPIC_NMI (acpi_id[0x12] high edge lint[0x1])
[    0.053262] ACPI: LAPIC_NMI (acpi_id[0x13] high edge lint[0x1])
[    0.053263] ACPI: LAPIC_NMI (acpi_id[0x14] high edge lint[0x1])
[    0.053263] ACPI: LAPIC_NMI (acpi_id[0x15] high edge lint[0x1])
[    0.053264] ACPI: LAPIC_NMI (acpi_id[0x16] high edge lint[0x1])
[    0.053264] ACPI: LAPIC_NMI (acpi_id[0x17] high edge lint[0x1])
[    0.053264] ACPI: LAPIC_NMI (acpi_id[0x00] high edge lint[0x1])
[    0.053281] IOAPIC[0]: apic_id 2, version 32, address 0xfec00000, GSI 0-119
[    0.053283] ACPI: INT_SRC_OVR (bus 0 bus_irq 0 global_irq 2 dfl dfl)
[    0.053284] ACPI: INT_SRC_OVR (bus 0 bus_irq 9 global_irq 9 high level)
[    0.053287] ACPI: Using ACPI (MADT) for SMP configuration information
[    0.053288] ACPI: HPET id: 0x8086a201 base: 0xfed00000
[    0.053293] e820: update [mem 0x2b027000-0x2b615fff] usable ==> reserved
[    0.053301] TSC deadline timer available
[    0.053301] smpboot: Allowing 16 CPUs, 0 hotplug CPUs
[    0.053311] PM: hibernation: Registered nosave memory: [mem 0x00000000-0x00000fff]
[    0.053313] PM: hibernation: Registered nosave memory: [mem 0x0009e000-0x0009efff]
[    0.053314] PM: hibernation: Registered nosave memory: [mem 0x000a0000-0x000fffff]
[    0.053315] PM: hibernation: Registered nosave memory: [mem 0x2a08b000-0x2a08bfff]
[    0.053316] PM: hibernation: Registered nosave memory: [mem 0x2a0c3000-0x2a0c3fff]
[    0.053317] PM: hibernation: Registered nosave memory: [mem 0x2a466000-0x2a466fff]
[    0.053317] PM: hibernation: Registered nosave memory: [mem 0x2a49e000-0x2a49efff]
[    0.053318] PM: hibernation: Registered nosave memory: [mem 0x2b027000-0x2b615fff]
[    0.053319] PM: hibernation: Registered nosave memory: [mem 0x2ee18000-0x2ee18fff]
[    0.053320] PM: hibernation: Registered nosave memory: [mem 0x31237000-0x34336fff]
[    0.053321] PM: hibernation: Registered nosave memory: [mem 0x34337000-0x34423fff]
[    0.053321] PM: hibernation: Registered nosave memory: [mem 0x34424000-0x34528fff]
[    0.053321] PM: hibernation: Registered nosave memory: [mem 0x34529000-0x34efefff]
[    0.053322] PM: hibernation: Registered nosave memory: [mem 0x34f00000-0x38ffffff]
[    0.053323] PM: hibernation: Registered nosave memory: [mem 0x39000000-0x39dfffff]
[    0.053323] PM: hibernation: Registered nosave memory: [mem 0x39e00000-0x3f7fffff]
[    0.053323] PM: hibernation: Registered nosave memory: [mem 0x3f800000-0xfdffffff]
[    0.053324] PM: hibernation: Registered nosave memory: [mem 0xfe000000-0xfe010fff]
[    0.053324] PM: hibernation: Registered nosave memory: [mem 0xfe011000-0xfebfffff]
[    0.053325] PM: hibernation: Registered nosave memory: [mem 0xfec00000-0xfec00fff]
[    0.053325] PM: hibernation: Registered nosave memory: [mem 0xfec01000-0xfecfffff]
[    0.053325] PM: hibernation: Registered nosave memory: [mem 0xfed00000-0xfed00fff]
[    0.053326] PM: hibernation: Registered nosave memory: [mem 0xfed01000-0xfed1ffff]
[    0.053326] PM: hibernation: Registered nosave memory: [mem 0xfed20000-0xfed7ffff]
[    0.053327] PM: hibernation: Registered nosave memory: [mem 0xfed80000-0xfedfffff]
[    0.053327] PM: hibernation: Registered nosave memory: [mem 0xfee00000-0xfee00fff]
[    0.053327] PM: hibernation: Registered nosave memory: [mem 0xfee01000-0xffffffff]
[    0.053329] [mem 0x3f800000-0xfdffffff] available for PCI devices
[    0.053329] Booting paravirtualized kernel on bare hardware
[    0.053331] clocksource: refined-jiffies: mask: 0xffffffff max_cycles: 0xffffffff, max_idle_ns: 7645519600211568 ns
[    0.053335] setup_percpu: NR_CPUS:8192 nr_cpumask_bits:16 nr_cpu_ids:16 nr_node_ids:1
[    0.053819] percpu: Embedded 61 pages/cpu s212992 r8192 d28672 u262144
[    0.053823] pcpu-alloc: s212992 r8192 d28672 u262144 alloc=1*2097152
[    0.053824] pcpu-alloc: [0] 00 01 02 03 04 05 06 07 [0] 08 09 10 11 12 13 14 15 
[    0.053843] Fallback order for Node 0: 0 
[    0.053845] Built 1 zonelists, mobility grouping on.  Total pages: 8199375
[    0.053846] Policy zone: Normal
[    0.053846] Kernel command line: BOOT_IMAGE=/vmlinuz-6.2.0-20-generic root=/dev/mapper/ubuntu--vg-ubuntu--lv ro
[    0.053868] Unknown kernel command line parameters "BOOT_IMAGE=/vmlinuz-6.2.0-20-generic", will be passed to user space.
[    0.056293] Dentry cache hash table entries: 4194304 (order: 13, 33554432 bytes, linear)
[    0.057528] Inode-cache hash table entries: 2097152 (order: 12, 16777216 bytes, linear)
[    0.057652] mem auto-init: stack:all(zero), heap alloc:on, heap free:off
[    0.057659] software IO TLB: area num 16.
[    0.110504] Memory: 32359012K/33318744K available (20480K kernel code, 4149K rwdata, 20484K rodata, 4644K init, 17664K bss, 959472K reserved, 0K cma-reserved)
[    0.110587] SLUB: HWalign=64, Order=0-3, MinObjects=0, CPUs=16, Nodes=1
[    0.110606] ftrace: allocating 53154 entries in 208 pages
[    0.116465] ftrace: allocated 208 pages with 3 groups
[    0.117006] Dynamic Preempt: voluntary
[    0.117032] rcu: Preemptible hierarchical RCU implementation.
[    0.117032] rcu: 	RCU restricting CPUs from NR_CPUS=8192 to nr_cpu_ids=16.
[    0.117033] 	Trampoline variant of Tasks RCU enabled.
[    0.117034] 	Rude variant of Tasks RCU enabled.
[    0.117034] 	Tracing variant of Tasks RCU enabled.
[    0.117034] rcu: RCU calculated value of scheduler-enlistment delay is 25 jiffies.
[    0.117035] rcu: Adjusting geometry for rcu_fanout_leaf=16, nr_cpu_ids=16
[    0.118550] NR_IRQS: 524544, nr_irqs: 2184, preallocated irqs: 16
[    0.118728] rcu: srcu_init: Setting srcu_struct sizes based on contention.
[    0.118845] Console: colour dummy device 80x25
[    0.118846] printk: console [tty0] enabled
[    0.119056] ACPI: Core revision 20221020
[    0.119340] clocksource: hpet: mask: 0xffffffff max_cycles: 0xffffffff, max_idle_ns: 99544814920 ns
[    0.119381] APIC: Switch to symmetric I/O mode setup
[    0.119383] DMAR: Host address width 39
[    0.119385] DMAR: DRHD base: 0x000000fed90000 flags: 0x0
[    0.119390] DMAR: dmar0: reg_base_addr fed90000 ver 4:0 cap 1c0000c40660462 ecap 29a00f0505e
[    0.119392] DMAR: DRHD base: 0x000000fed91000 flags: 0x1
[    0.119396] DMAR: dmar1: reg_base_addr fed91000 ver 5:0 cap d2008c40660462 ecap f050da
[    0.119398] DMAR: RMRR base: 0x0000003b000000 end: 0x0000003f7fffff
[    0.119401] DMAR-IR: IOAPIC id 2 under DRHD base  0xfed91000 IOMMU 1
[    0.119402] DMAR-IR: HPET id 0 under DRHD base 0xfed91000
[    0.119404] DMAR-IR: Queued invalidation will be enabled to support x2apic and Intr-remapping.
[    0.120337] DMAR-IR: Enabled IRQ remapping in x2apic mode
[    0.120340] x2apic enabled
[    0.120349] Switched APIC routing to cluster x2apic.
[    0.122683] ..TIMER: vector=0x30 apic1=0 pin1=2 apic2=-1 pin2=-1
[    0.139365] clocksource: tsc-early: mask: 0xffffffffffffffff max_cycles: 0x2cd5a8bb032, max_idle_ns: 440795365915 ns
[    0.139371] Calibrating delay loop (skipped), value calculated using timer frequency.. 6220.80 BogoMIPS (lpj=12441600)
[    0.139373] pid_max: default: 32768 minimum: 301
[    0.141510] LSM: initializing lsm=lockdown,capability,landlock,yama,integrity,apparmor
[    0.141518] landlock: Up and running.
[    0.141519] Yama: becoming mindful.
[    0.141541] AppArmor: AppArmor initialized
[    0.141596] Mount-cache hash table entries: 65536 (order: 7, 524288 bytes, linear)
[    0.141635] Mountpoint-cache hash table entries: 65536 (order: 7, 524288 bytes, linear)
[    0.141815] CPU0: Thermal monitoring enabled (TM1)
[    0.141817] x86/cpu: User Mode Instruction Prevention (UMIP) activated
[    0.141917] process: using mwait in idle threads
[    0.141919] Last level iTLB entries: 4KB 0, 2MB 0, 4MB 0
[    0.141920] Last level dTLB entries: 4KB 0, 2MB 0, 4MB 0, 1GB 0
[    0.141924] Spectre V1 : Mitigation: usercopy/swapgs barriers and __user pointer sanitization
[    0.141926] Spectre V2 : Mitigation: Enhanced IBRS
[    0.141927] Spectre V2 : Spectre v2 / SpectreRSB mitigation: Filling RSB on context switch
[    0.141929] Spectre V2 : Spectre v2 / PBRSB-eIBRS: Retire a single CALL on VMEXIT
[    0.141930] Spectre V2 : mitigation: Enabling conditional Indirect Branch Prediction Barrier
[    0.141932] Speculative Store Bypass: Mitigation: Speculative Store Bypass disabled via prctl
[    0.153310] Freeing SMP alternatives memory: 44K
[    0.153522] smpboot: CPU0: 12th Gen Intel(R) Core(TM) i5-12500H (family: 0x6, model: 0x9a, stepping: 0x3)
[    0.153582] cblist_init_generic: Setting adjustable number of callback queues.
[    0.153584] cblist_init_generic: Setting shift to 4 and lim to 1.
[    0.153595] cblist_init_generic: Setting shift to 4 and lim to 1.
[    0.153602] cblist_init_generic: Setting shift to 4 and lim to 1.
[    0.153609] Performance Events: XSAVE Architectural LBR, PEBS fmt4+-baseline,  AnyThread deprecated, Alderlake Hybrid events, 32-deep LBR, full-width counters, Intel PMU driver.
[    0.153720] core: cpu_core PMU driver: 
[    0.153721] ... version:                5
[    0.153722] ... bit width:              48
[    0.153723] ... generic registers:      8
[    0.153724] ... value mask:             0000ffffffffffff
[    0.153725] ... max period:             00007fffffffffff
[    0.153726] ... fixed-purpose events:   4
[    0.153726] ... event mask:             0001000f000000ff
[    0.153745] Estimated ratio of average max frequency by base frequency (times 1024): 1387
[    0.153757] rcu: Hierarchical SRCU implementation.
[    0.153758] rcu: 	Max phase no-delay instances is 1000.
[    0.154428] NMI watchdog: Enabled. Permanently consumes one hw-PMU counter.
[    0.154515] smp: Bringing up secondary CPUs ...
[    0.154564] x86: Booting SMP configuration:
[    0.154565] .... node  #0, CPUs:        #1  #2  #3  #4  #5  #6  #7  #8
[    0.000552] core: cpu_atom PMU driver: PEBS-via-PT 
[    0.000552] ... version:                5
[    0.000552] ... bit width:              48
[    0.000552] ... generic registers:      6
[    0.000552] ... value mask:             0000ffffffffffff
[    0.000552] ... max period:             00007fffffffffff
[    0.000552] ... fixed-purpose events:   3
[    0.000552] ... event mask:             000000070000003f
[    0.178443]   #9 #10 #11 #12 #13 #14 #15
[    0.192939] smp: Brought up 1 node, 16 CPUs
[    0.192939] smpboot: Max logical packages: 1
[    0.192939] smpboot: Total of 16 processors activated (99532.80 BogoMIPS)
[    0.196022] devtmpfs: initialized
[    0.196022] x86/mm: Memory block size: 128MB
[    0.196447] ACPI: PM: Registering ACPI NVS region [mem 0x34424000-0x34528fff] (1069056 bytes)
[    0.196447] clocksource: jiffies: mask: 0xffffffff max_cycles: 0xffffffff, max_idle_ns: 7645041785100000 ns
[    0.196447] futex hash table entries: 4096 (order: 6, 262144 bytes, linear)
[    0.196447] pinctrl core: initialized pinctrl subsystem
[    0.196447] PM: RTC time: 12:55:12, date: 2023-06-06
[    0.196447] NET: Registered PF_NETLINK/PF_ROUTE protocol family
[    0.196447] DMA: preallocated 4096 KiB GFP_KERNEL pool for atomic allocations
[    0.196557] DMA: preallocated 4096 KiB GFP_KERNEL|GFP_DMA pool for atomic allocations
[    0.196909] DMA: preallocated 4096 KiB GFP_KERNEL|GFP_DMA32 pool for atomic allocations
[    0.196914] audit: initializing netlink subsys (disabled)
[    0.196919] audit: type=2000 audit(1686056112.080:1): state=initialized audit_enabled=0 res=1
[    0.196919] thermal_sys: Registered thermal governor 'fair_share'
[    0.196919] thermal_sys: Registered thermal governor 'bang_bang'
[    0.196919] thermal_sys: Registered thermal governor 'step_wise'
[    0.196919] thermal_sys: Registered thermal governor 'user_space'
[    0.196919] thermal_sys: Registered thermal governor 'power_allocator'
[    0.196919] EISA bus registered
[    0.196919] cpuidle: using governor ladder
[    0.196919] cpuidle: using governor menu
[    0.196919] ACPI FADT declares the system doesn't support PCIe ASPM, so disable it
[    0.196919] acpiphp: ACPI Hot Plug PCI Controller Driver version: 0.5
[    0.196919] PCI: MMCONFIG for domain 0000 [bus 00-ff] at [mem 0xc0000000-0xcfffffff] (base 0xc0000000)
[    0.196919] PCI: not using MMCONFIG
[    0.196919] PCI: Using configuration type 1 for base access
[    0.196919] ENERGY_PERF_BIAS: Set to 'normal', was 'performance'
[    0.199417] kprobes: kprobe jump-optimization is enabled. All kprobes are optimized if possible.
[    0.199422] HugeTLB: registered 1.00 GiB page size, pre-allocated 0 pages
[    0.199422] HugeTLB: 16380 KiB vmemmap can be freed for a 1.00 GiB page
[    0.199422] HugeTLB: registered 2.00 MiB page size, pre-allocated 0 pages
[    0.199422] HugeTLB: 28 KiB vmemmap can be freed for a 2.00 MiB page
[    0.199521] fbcon: Taking over console
[    0.199521] ACPI: Added _OSI(Module Device)
[    0.199521] ACPI: Added _OSI(Processor Device)
[    0.199521] ACPI: Added _OSI(3.0 _SCP Extensions)
[    0.199521] ACPI: Added _OSI(Processor Aggregator Device)
[    0.255666] ACPI BIOS Error (bug): Could not resolve symbol [\_SB.PC00.TXHC.RHUB.SS01], AE_NOT_FOUND (20221020/dswload2-162)
[    0.255672] ACPI Error: AE_NOT_FOUND, During name lookup/catalog (20221020/psobject-220)
[    0.255674] ACPI: Skipping parse of AML opcode: Scope (0x0010)
[    0.255678] ACPI BIOS Error (bug): Could not resolve symbol [\_SB.PC00.TXHC.RHUB.SS02], AE_NOT_FOUND (20221020/dswload2-162)
[    0.255681] ACPI Error: AE_NOT_FOUND, During name lookup/catalog (20221020/psobject-220)
[    0.255683] ACPI: Skipping parse of AML opcode: Scope (0x0010)
[    0.255685] ACPI BIOS Error (bug): Could not resolve symbol [\_SB.PC00.TXHC.RHUB.SS03], AE_NOT_FOUND (20221020/dswload2-162)
[    0.255687] ACPI Error: AE_NOT_FOUND, During name lookup/catalog (20221020/psobject-220)
[    0.255689] ACPI: Skipping parse of AML opcode: Scope (0x0010)
[    0.255690] ACPI BIOS Error (bug): Could not resolve symbol [\_SB.PC00.TXHC.RHUB.SS04], AE_NOT_FOUND (20221020/dswload2-162)
[    0.255693] ACPI Error: AE_NOT_FOUND, During name lookup/catalog (20221020/psobject-220)
[    0.255694] ACPI: Skipping parse of AML opcode: Scope (0x0010)
[    0.257191] ACPI: 13 ACPI AML tables successfully acquired and loaded
[    0.267372] ACPI: Dynamic OEM Table Load:
[    0.267372] ACPI: SSDT 0xFFFF9A934245F800 0001AB (v02 PmRef  Cpu0Psd  00003000 INTL 20200717)
[    0.267372] ACPI: \_SB_.PR00: _OSC native thermal LVT Acked
[    0.268682] ACPI: Dynamic OEM Table Load:
[    0.268687] ACPI: SSDT 0xFFFF9A93410C3C00 000394 (v02 PmRef  Cpu0Cst  00003001 INTL 20200717)
[    0.269446] ACPI: Dynamic OEM Table Load:
[    0.269450] ACPI: SSDT 0xFFFF9A93424D8000 0006AA (v02 PmRef  Cpu0Ist  00003000 INTL 20200717)
[    0.270281] ACPI: Dynamic OEM Table Load:
[    0.270285] ACPI: SSDT 0xFFFF9A93424DB800 0004BA (v02 PmRef  Cpu0Hwp  00003000 INTL 20200717)
[    0.271276] ACPI: Dynamic OEM Table Load:
[    0.271282] ACPI: SSDT 0xFFFF9A93410BC000 001BAF (v02 PmRef  ApIst    00003000 INTL 20200717)
[    0.272544] ACPI: Dynamic OEM Table Load:
[    0.272548] ACPI: SSDT 0xFFFF9A93410BE000 001038 (v02 PmRef  ApHwp    00003000 INTL 20200717)
[    0.273632] ACPI: Dynamic OEM Table Load:
[    0.273637] ACPI: SSDT 0xFFFF9A93410B8000 001349 (v02 PmRef  ApPsd    00003000 INTL 20200717)
[    0.274746] ACPI: Dynamic OEM Table Load:
[    0.274750] ACPI: SSDT 0xFFFF9A93410C9000 000FBB (v02 PmRef  ApCst    00003000 INTL 20200717)
[    0.280927] ACPI: Interpreter enabled
[    0.280967] ACPI: PM: (supports S0 S3 S4 S5)
[    0.280968] ACPI: Using IOAPIC for interrupt routing
[    0.281992] PCI: MMCONFIG for domain 0000 [bus 00-ff] at [mem 0xc0000000-0xcfffffff] (base 0xc0000000)
[    0.283363] PCI: MMCONFIG at [mem 0xc0000000-0xcfffffff] reserved as ACPI motherboard resource
[    0.283382] PCI: Using host bridge windows from ACPI; if necessary, use "pci=nocrs" and report a bug
[    0.283384] PCI: Ignoring E820 reservations for host bridge windows
[    0.284369] ACPI: Enabled 7 GPEs in block 00 to 7F
[    0.302259] ACPI: \_SB_.PC00.CNVW.WRST: New power resource
[    0.307088] ACPI: \_TZ_.FN00: New power resource
[    0.307129] ACPI: \_TZ_.FN01: New power resource
[    0.307164] ACPI: \_TZ_.FN02: New power resource
[    0.307198] ACPI: \_TZ_.FN03: New power resource
[    0.307232] ACPI: \_TZ_.FN04: New power resource
[    0.307661] ACPI: \PIN_: New power resource
[    0.307854] ACPI: PCI Root Bridge [PC00] (domain 0000 [bus 00-fe])
[    0.307858] acpi PNP0A08:00: _OSC: OS supports [ExtendedConfig ASPM ClockPM Segments MSI EDR HPX-Type3]
[    0.307968] acpi PNP0A08:00: _OSC: platform does not support [PCIeHotplug SHPCHotplug PME]
[    0.308171] acpi PNP0A08:00: _OSC: OS now controls [AER PCIeCapability LTR DPC]
[    0.308173] acpi PNP0A08:00: FADT indicates ASPM is unsupported, using BIOS configuration
[    0.308873] PCI host bridge to bus 0000:00
[    0.308875] pci_bus 0000:00: root bus resource [io  0x0000-0x0cf7 window]
[    0.308877] pci_bus 0000:00: root bus resource [io  0x0d00-0xffff window]
[    0.308878] pci_bus 0000:00: root bus resource [mem 0x000a0000-0x000bffff window]
[    0.308880] pci_bus 0000:00: root bus resource [mem 0x000e0000-0x000fffff window]
[    0.308881] pci_bus 0000:00: root bus resource [mem 0x3f800000-0xbfffffff window]
[    0.308883] pci_bus 0000:00: root bus resource [bus 00-fe]
[    0.308905] pci 0000:00:00.0: [8086:4621] type 00 class 0x060000
[    0.309012] pci 0000:00:01.0: [8086:460d] type 01 class 0x060400
[    0.309065] pci 0000:00:01.0: PME# supported from D0 D3hot D3cold
[    0.309084] pci 0000:00:01.0: PTM enabled (root), 4ns granularity
[    0.309517] pci 0000:00:02.0: [8086:46a6] type 00 class 0x030000
[    0.309524] pci 0000:00:02.0: reg 0x10: [mem 0x52000000-0x52ffffff 64bit]
[    0.309529] pci 0000:00:02.0: reg 0x18: [mem 0x40000000-0x4fffffff 64bit pref]
[    0.309533] pci 0000:00:02.0: reg 0x20: [io  0x5000-0x503f]
[    0.309545] pci 0000:00:02.0: BAR 2: assigned to efifb
[    0.309547] pci 0000:00:02.0: DMAR: Skip IOMMU disabling for graphics
[    0.309549] pci 0000:00:02.0: Video device with shadowed ROM at [mem 0x000c0000-0x000dffff]
[    0.309571] pci 0000:00:02.0: reg 0x344: [mem 0x00000000-0x00ffffff 64bit]
[    0.309572] pci 0000:00:02.0: VF(n) BAR0 space: [mem 0x00000000-0x06ffffff 64bit] (contains BAR0 for 7 VFs)
[    0.309576] pci 0000:00:02.0: reg 0x34c: [mem 0x00000000-0x1fffffff 64bit pref]
[    0.309578] pci 0000:00:02.0: VF(n) BAR2 space: [mem 0x00000000-0xdfffffff 64bit pref] (contains BAR2 for 7 VFs)
[    0.309683] pci 0000:00:06.0: [8086:464d] type 01 class 0x060400
[    0.309732] pci 0000:00:06.0: PME# supported from D0 D3hot D3cold
[    0.309749] pci 0000:00:06.0: PTM enabled (root), 4ns granularity
[    0.310166] pci 0000:00:08.0: [8086:464f] type 00 class 0x088000
[    0.310174] pci 0000:00:08.0: reg 0x10: [mem 0x53423000-0x53423fff 64bit]
[    0.310236] pci 0000:00:0a.0: [8086:467d] type 00 class 0x118000
[    0.310243] pci 0000:00:0a.0: reg 0x10: [mem 0x53410000-0x53417fff 64bit]
[    0.310260] pci 0000:00:0a.0: enabling Extended Tags
[    0.310339] pci 0000:00:14.0: [8086:51ed] type 00 class 0x0c0330
[    0.310360] pci 0000:00:14.0: reg 0x10: [mem 0x53400000-0x5340ffff 64bit]
[    0.310444] pci 0000:00:14.0: PME# supported from D3hot D3cold
[    0.311948] pci 0000:00:14.2: [8086:51ef] type 00 class 0x050000
[    0.311968] pci 0000:00:14.2: reg 0x10: [mem 0x53418000-0x5341bfff 64bit]
[    0.311981] pci 0000:00:14.2: reg 0x18: [mem 0x53422000-0x53422fff 64bit]
[    0.312084] pci 0000:00:16.0: [8086:51e0] type 00 class 0x078000
[    0.312107] pci 0000:00:16.0: reg 0x10: [mem 0x53421000-0x53421fff 64bit]
[    0.312194] pci 0000:00:16.0: PME# supported from D3hot
[    0.312571] pci 0000:00:17.0: [8086:51d3] type 00 class 0x010601
[    0.312587] pci 0000:00:17.0: reg 0x10: [mem 0x5341c000-0x5341dfff]
[    0.312596] pci 0000:00:17.0: reg 0x14: [mem 0x53420000-0x534200ff]
[    0.312606] pci 0000:00:17.0: reg 0x18: [io  0x5090-0x5097]
[    0.312615] pci 0000:00:17.0: reg 0x1c: [io  0x5080-0x5083]
[    0.312624] pci 0000:00:17.0: reg 0x20: [io  0x5060-0x507f]
[    0.312633] pci 0000:00:17.0: reg 0x24: [mem 0x5341f000-0x5341f7ff]
[    0.312681] pci 0000:00:17.0: PME# supported from D3hot
[    0.312901] pci 0000:00:1d.0: [8086:51b0] type 01 class 0x060400
[    0.312993] pci 0000:00:1d.0: PME# supported from D0 D3hot D3cold
[    0.313022] pci 0000:00:1d.0: PTM enabled (root), 4ns granularity
[    0.313453] pci 0000:00:1d.1: [8086:51b1] type 01 class 0x060400
[    0.313546] pci 0000:00:1d.1: PME# supported from D0 D3hot D3cold
[    0.313574] pci 0000:00:1d.1: PTM enabled (root), 4ns granularity
[    0.314003] pci 0000:00:1f.0: [8086:5182] type 00 class 0x060100
[    0.314259] pci 0000:00:1f.4: [8086:51a3] type 00 class 0x0c0500
[    0.314284] pci 0000:00:1f.4: reg 0x10: [mem 0x5341e000-0x5341e0ff 64bit]
[    0.314313] pci 0000:00:1f.4: reg 0x20: [io  0xefa0-0xefbf]
[    0.314486] pci 0000:00:1f.5: [8086:51a4] type 00 class 0x0c8000
[    0.314504] pci 0000:00:1f.5: reg 0x10: [mem 0xfe010000-0xfe010fff]
[    0.314638] pci 0000:01:00.0: [8086:1572] type 00 class 0x020000
[    0.314653] pci 0000:01:00.0: reg 0x10: [mem 0x50800000-0x50ffffff 64bit pref]
[    0.314668] pci 0000:01:00.0: reg 0x1c: [mem 0x51008000-0x5100ffff 64bit pref]
[    0.314680] pci 0000:01:00.0: reg 0x30: [mem 0x53380000-0x533fffff pref]
[    0.314739] pci 0000:01:00.0: PME# supported from D0 D3hot D3cold
[    0.314764] pci 0000:01:00.0: reg 0x184: [mem 0x00000000-0x0000ffff 64bit pref]
[    0.314766] pci 0000:01:00.0: VF(n) BAR0 space: [mem 0x00000000-0x003fffff 64bit pref] (contains BAR0 for 64 VFs)
[    0.314779] pci 0000:01:00.0: reg 0x190: [mem 0x00000000-0x00003fff 64bit pref]
[    0.314781] pci 0000:01:00.0: VF(n) BAR3 space: [mem 0x00000000-0x000fffff 64bit pref] (contains BAR3 for 64 VFs)
[    0.315010] pci 0000:01:00.1: [8086:1572] type 00 class 0x020000
[    0.315025] pci 0000:01:00.1: reg 0x10: [mem 0x50000000-0x507fffff 64bit pref]
[    0.315040] pci 0000:01:00.1: reg 0x1c: [mem 0x51000000-0x51007fff 64bit pref]
[    0.315052] pci 0000:01:00.1: reg 0x30: [mem 0x53300000-0x5337ffff pref]
[    0.315108] pci 0000:01:00.1: PME# supported from D0 D3hot D3cold
[    0.315129] pci 0000:01:00.1: reg 0x184: [mem 0x00000000-0x0000ffff 64bit pref]
[    0.315131] pci 0000:01:00.1: VF(n) BAR0 space: [mem 0x00000000-0x003fffff 64bit pref] (contains BAR0 for 64 VFs)
[    0.315144] pci 0000:01:00.1: reg 0x190: [mem 0x00000000-0x00003fff 64bit pref]
[    0.315145] pci 0000:01:00.1: VF(n) BAR3 space: [mem 0x00000000-0x000fffff 64bit pref] (contains BAR3 for 64 VFs)
[    0.315343] pci 0000:00:01.0: PCI bridge to [bus 01]
[    0.315346] pci 0000:00:01.0:   bridge window [mem 0x53300000-0x533fffff]
[    0.315349] pci 0000:00:01.0:   bridge window [mem 0x50000000-0x510fffff 64bit pref]
[    0.315392] pci 0000:02:00.0: [144d:a808] type 00 class 0x010802
[    0.315408] pci 0000:02:00.0: reg 0x10: [mem 0x53200000-0x53203fff 64bit]
[    0.315593] pci 0000:00:06.0: PCI bridge to [bus 02]
[    0.315596] pci 0000:00:06.0:   bridge window [mem 0x53200000-0x532fffff]
[    0.315655] pci 0000:03:00.0: [10ec:8125] type 00 class 0x020000
[    0.315677] pci 0000:03:00.0: reg 0x10: [io  0x4000-0x40ff]
[    0.315707] pci 0000:03:00.0: reg 0x18: [mem 0x53100000-0x5310ffff 64bit]
[    0.315726] pci 0000:03:00.0: reg 0x20: [mem 0x53110000-0x53113fff 64bit]
[    0.315850] pci 0000:03:00.0: supports D1 D2
[    0.315851] pci 0000:03:00.0: PME# supported from D0 D1 D2 D3hot D3cold
[    0.316063] pci 0000:00:1d.0: PCI bridge to [bus 03]
[    0.316066] pci 0000:00:1d.0:   bridge window [io  0x4000-0x4fff]
[    0.316069] pci 0000:00:1d.0:   bridge window [mem 0x53100000-0x531fffff]
[    0.316129] pci 0000:04:00.0: [10ec:8168] type 00 class 0x020000
[    0.316153] pci 0000:04:00.0: reg 0x10: [io  0x3000-0x30ff]
[    0.316185] pci 0000:04:00.0: reg 0x18: [mem 0x53004000-0x53004fff 64bit]
[    0.316205] pci 0000:04:00.0: reg 0x20: [mem 0x53000000-0x53003fff 64bit]
[    0.316327] pci 0000:04:00.0: supports D1 D2
[    0.316328] pci 0000:04:00.0: PME# supported from D0 D1 D2 D3hot D3cold
[    0.316502] pci 0000:00:1d.1: PCI bridge to [bus 04]
[    0.316505] pci 0000:00:1d.1:   bridge window [io  0x3000-0x3fff]
[    0.316508] pci 0000:00:1d.1:   bridge window [mem 0x53000000-0x530fffff]
[    0.318507] ACPI: PCI: Interrupt link LNKA configured for IRQ 0
[    0.318583] ACPI: PCI: Interrupt link LNKB configured for IRQ 1
[    0.318657] ACPI: PCI: Interrupt link LNKC configured for IRQ 0
[    0.318732] ACPI: PCI: Interrupt link LNKD configured for IRQ 0
[    0.318806] ACPI: PCI: Interrupt link LNKE configured for IRQ 0
[    0.318880] ACPI: PCI: Interrupt link LNKF configured for IRQ 0
[    0.318953] ACPI: PCI: Interrupt link LNKG configured for IRQ 0
[    0.319027] ACPI: PCI: Interrupt link LNKH configured for IRQ 0
[    0.331377] iommu: Default domain type: Translated 
[    0.331377] iommu: DMA domain TLB invalidation policy: lazy mode 
[    0.331449] SCSI subsystem initialized
[    0.331453] libata version 3.00 loaded.
[    0.331453] ACPI: bus type USB registered
[    0.331453] usbcore: registered new interface driver usbfs
[    0.331453] usbcore: registered new interface driver hub
[    0.331453] usbcore: registered new device driver usb
[    0.331453] pps_core: LinuxPPS API ver. 1 registered
[    0.331453] pps_core: Software ver. 5.3.6 - Copyright 2005-2007 Rodolfo Giometti <giometti@linux.it>
[    0.331453] PTP clock support registered
[    0.331453] EDAC MC: Ver: 3.0.0
[    0.331453] Registered efivars operations
[    0.331515] NetLabel: Initializing
[    0.331516] NetLabel:  domain hash size = 128
[    0.331517] NetLabel:  protocols = UNLABELED CIPSOv4 CALIPSO
[    0.331529] NetLabel:  unlabeled traffic allowed by default
[    0.331536] mctp: management component transport protocol core
[    0.331536] NET: Registered PF_MCTP protocol family
[    0.331536] PCI: Using ACPI for IRQ routing
[    0.338029] PCI: pci_cache_line_size set to 64 bytes
[    0.338069] pci 0000:00:1f.5: can't claim BAR 0 [mem 0xfe010000-0xfe010fff]: no compatible bridge window
[    0.338103] e820: reserve RAM buffer [mem 0x0009e000-0x0009ffff]
[    0.338104] e820: reserve RAM buffer [mem 0x2a08b018-0x2bffffff]
[    0.338105] e820: reserve RAM buffer [mem 0x2a466018-0x2bffffff]
[    0.338106] e820: reserve RAM buffer [mem 0x2b027000-0x2bffffff]
[    0.338106] e820: reserve RAM buffer [mem 0x2ee18000-0x2fffffff]
[    0.338107] e820: reserve RAM buffer [mem 0x31237000-0x33ffffff]
[    0.338108] e820: reserve RAM buffer [mem 0x34f00000-0x37ffffff]
[    0.338108] e820: reserve RAM buffer [mem 0x8c0800000-0x8c3ffffff]
[    0.339383] pci 0000:00:02.0: vgaarb: setting as boot VGA device
[    0.339383] pci 0000:00:02.0: vgaarb: bridge control possible
[    0.339383] pci 0000:00:02.0: vgaarb: VGA device added: decodes=io+mem,owns=io+mem,locks=none
[    0.339383] vgaarb: loaded
[    0.340011] hpet0: at MMIO 0xfed00000, IRQs 2, 8, 0, 0, 0, 0, 0, 0
[    0.340016] hpet0: 8 comparators, 64-bit 19.200000 MHz counter
[    0.344427] clocksource: Switched to clocksource tsc-early
[    0.349167] VFS: Disk quotas dquot_6.6.0
[    0.349177] VFS: Dquot-cache hash table entries: 512 (order 0, 4096 bytes)
[    0.349248] AppArmor: AppArmor Filesystem Enabled
[    0.349272] pnp: PnP ACPI init
[    0.349499] system 00:00: [io  0x0a00-0x0a0f] has been reserved
[    0.349501] system 00:00: [io  0x0a10-0x0a1f] has been reserved
[    0.349502] system 00:00: [io  0x0a20-0x0a2f] has been reserved
[    0.349504] system 00:00: [io  0x0a30-0x0a3f] has been reserved
[    0.349505] system 00:00: [io  0x0a40-0x0a4f] has been reserved
[    0.349874] pnp 00:03: [dma 0 disabled]
[    0.349986] system 00:04: [io  0x0680-0x069f] has been reserved
[    0.349988] system 00:04: [io  0x164e-0x164f] has been reserved
[    0.350066] system 00:05: [io  0x1854-0x1857] has been reserved
[    0.351585] pnp 00:06: disabling [mem 0xc0000000-0xcfffffff] because it overlaps 0000:00:02.0 BAR 9 [mem 0x00000000-0xdfffffff 64bit pref]
[    0.351598] system 00:06: [mem 0xfedc0000-0xfedc7fff] has been reserved
[    0.351599] system 00:06: [mem 0xfeda0000-0xfeda0fff] has been reserved
[    0.351601] system 00:06: [mem 0xfeda1000-0xfeda1fff] has been reserved
[    0.351602] system 00:06: [mem 0xfed20000-0xfed7ffff] could not be reserved
[    0.351603] system 00:06: [mem 0xfed90000-0xfed93fff] could not be reserved
[    0.351605] system 00:06: [mem 0xfed45000-0xfed8ffff] could not be reserved
[    0.351606] system 00:06: [mem 0xfee00000-0xfeefffff] could not be reserved
[    0.352173] system 00:07: [io  0x2000-0x20fe] has been reserved
[    0.352764] pnp: PnP ACPI: found 9 devices
[    0.357825] clocksource: acpi_pm: mask: 0xffffff max_cycles: 0xffffff, max_idle_ns: 2085701024 ns
[    0.357879] NET: Registered PF_INET protocol family
[    0.358057] IP idents hash table entries: 262144 (order: 9, 2097152 bytes, linear)
[    0.359955] tcp_listen_portaddr_hash hash table entries: 16384 (order: 6, 262144 bytes, linear)
[    0.359984] Table-perturb hash table entries: 65536 (order: 6, 262144 bytes, linear)
[    0.360152] TCP established hash table entries: 262144 (order: 9, 2097152 bytes, linear)
[    0.360413] TCP bind hash table entries: 65536 (order: 9, 2097152 bytes, linear)
[    0.360514] TCP: Hash tables configured (established 262144 bind 65536)
[    0.360632] MPTCP token hash table entries: 32768 (order: 7, 786432 bytes, linear)
[    0.360696] UDP hash table entries: 16384 (order: 7, 524288 bytes, linear)
[    0.360755] UDP-Lite hash table entries: 16384 (order: 7, 524288 bytes, linear)
[    0.360799] NET: Registered PF_UNIX/PF_LOCAL protocol family
[    0.360804] NET: Registered PF_XDP protocol family
[    0.360808] pci_bus 0000:00: max bus depth: 1 pci_try_num: 2
[    0.360814] pci 0000:00:02.0: BAR 9: no space for [mem size 0xe0000000 64bit pref]
[    0.360817] pci 0000:00:02.0: BAR 9: failed to assign [mem size 0xe0000000 64bit pref]
[    0.360820] pci 0000:00:02.0: BAR 7: assigned [mem 0x54000000-0x5affffff 64bit]
[    0.360822] pci 0000:00:1f.5: BAR 0: assigned [mem 0x3f800000-0x3f800fff]
[    0.360832] pci 0000:01:00.0: BAR 7: no space for [mem size 0x00400000 64bit pref]
[    0.360834] pci 0000:01:00.0: BAR 7: failed to assign [mem size 0x00400000 64bit pref]
[    0.360836] pci 0000:01:00.1: BAR 7: no space for [mem size 0x00400000 64bit pref]
[    0.360837] pci 0000:01:00.1: BAR 7: failed to assign [mem size 0x00400000 64bit pref]
[    0.360839] pci 0000:01:00.0: BAR 10: no space for [mem size 0x00100000 64bit pref]
[    0.360841] pci 0000:01:00.0: BAR 10: failed to assign [mem size 0x00100000 64bit pref]
[    0.360843] pci 0000:01:00.1: BAR 10: no space for [mem size 0x00100000 64bit pref]
[    0.360844] pci 0000:01:00.1: BAR 10: failed to assign [mem size 0x00100000 64bit pref]
[    0.360846] pci 0000:00:01.0: PCI bridge to [bus 01]
[    0.360849] pci 0000:00:01.0:   bridge window [mem 0x53300000-0x533fffff]
[    0.360851] pci 0000:00:01.0:   bridge window [mem 0x50000000-0x510fffff 64bit pref]
[    0.360855] pci 0000:00:06.0: PCI bridge to [bus 02]
[    0.360858] pci 0000:00:06.0:   bridge window [mem 0x53200000-0x532fffff]
[    0.360862] pci 0000:00:1d.0: PCI bridge to [bus 03]
[    0.360865] pci 0000:00:1d.0:   bridge window [io  0x4000-0x4fff]
[    0.360869] pci 0000:00:1d.0:   bridge window [mem 0x53100000-0x531fffff]
[    0.360876] pci 0000:00:1d.1: PCI bridge to [bus 04]
[    0.360878] pci 0000:00:1d.1:   bridge window [io  0x3000-0x3fff]
[    0.360882] pci 0000:00:1d.1:   bridge window [mem 0x53000000-0x530fffff]
[    0.360889] pci_bus 0000:00: No. 2 try to assign unassigned res
[    0.360890] release child resource [mem 0x50000000-0x507fffff 64bit pref]
[    0.360891] release child resource [mem 0x50800000-0x50ffffff 64bit pref]
[    0.360892] release child resource [mem 0x51000000-0x51007fff 64bit pref]
[    0.360892] release child resource [mem 0x51008000-0x5100ffff 64bit pref]
[    0.360893] pci 0000:00:01.0: resource 15 [mem 0x50000000-0x510fffff 64bit pref] released
[    0.360894] pci 0000:00:01.0: PCI bridge to [bus 01]
[    0.360899] pci 0000:00:01.0: bridge window [mem 0x00400000-0x017fffff 64bit pref] to [bus 01] add_size 800000 add_align 400000
[    0.360903] pci 0000:00:02.0: BAR 9: no space for [mem size 0xe0000000 64bit pref]
[    0.360905] pci 0000:00:02.0: BAR 9: failed to assign [mem size 0xe0000000 64bit pref]
[    0.360907] pci 0000:00:01.0: BAR 15: assigned [mem 0x50000000-0x51bfffff 64bit pref]
[    0.360909] pci 0000:00:02.0: BAR 9: no space for [mem size 0xe0000000 64bit pref]
[    0.360910] pci 0000:00:02.0: BAR 9: failed to assign [mem size 0xe0000000 64bit pref]
[    0.360912] pci 0000:00:01.0: BAR 15: assigned [mem 0x50000000-0x513fffff 64bit pref]
[    0.360914] pci 0000:00:01.0: BAR 15: reassigned [mem 0x50000000-0x51bfffff 64bit pref] (expanded by 0x800000)
[    0.360918] pci 0000:01:00.0: BAR 0: assigned [mem 0x50000000-0x507fffff 64bit pref]
[    0.360925] pci 0000:01:00.1: BAR 0: assigned [mem 0x50800000-0x50ffffff 64bit pref]
[    0.360932] pci 0000:01:00.0: BAR 7: assigned [mem 0x51000000-0x513fffff 64bit pref]
[    0.360935] pci 0000:01:00.1: BAR 7: assigned [mem 0x51400000-0x517fffff 64bit pref]
[    0.360939] pci 0000:01:00.0: BAR 3: assigned [mem 0x51800000-0x51807fff 64bit pref]
[    0.360946] pci 0000:01:00.1: BAR 3: assigned [mem 0x51808000-0x5180ffff 64bit pref]
[    0.360953] pci 0000:01:00.0: BAR 10: assigned [mem 0x51810000-0x5190ffff 64bit pref]
[    0.360956] pci 0000:01:00.1: BAR 10: assigned [mem 0x51910000-0x51a0ffff 64bit pref]
[    0.360960] pci 0000:00:01.0: PCI bridge to [bus 01]
[    0.360962] pci 0000:00:01.0:   bridge window [mem 0x53300000-0x533fffff]
[    0.360965] pci 0000:00:01.0:   bridge window [mem 0x50000000-0x51bfffff 64bit pref]
[    0.360968] pci 0000:00:06.0: PCI bridge to [bus 02]
[    0.360971] pci 0000:00:06.0:   bridge window [mem 0x53200000-0x532fffff]
[    0.360975] pci 0000:00:1d.0: PCI bridge to [bus 03]
[    0.360978] pci 0000:00:1d.0:   bridge window [io  0x4000-0x4fff]
[    0.360982] pci 0000:00:1d.0:   bridge window [mem 0x53100000-0x531fffff]
[    0.360989] pci 0000:00:1d.1: PCI bridge to [bus 04]
[    0.360991] pci 0000:00:1d.1:   bridge window [io  0x3000-0x3fff]
[    0.360995] pci 0000:00:1d.1:   bridge window [mem 0x53000000-0x530fffff]
[    0.361002] pci_bus 0000:00: Automatically enabled pci realloc, if you have problem, try booting with pci=realloc=off
[    0.361004] pci_bus 0000:00: resource 4 [io  0x0000-0x0cf7 window]
[    0.361005] pci_bus 0000:00: resource 5 [io  0x0d00-0xffff window]
[    0.361006] pci_bus 0000:00: resource 6 [mem 0x000a0000-0x000bffff window]
[    0.361008] pci_bus 0000:00: resource 7 [mem 0x000e0000-0x000fffff window]
[    0.361009] pci_bus 0000:00: resource 8 [mem 0x3f800000-0xbfffffff window]
[    0.361010] pci_bus 0000:01: resource 1 [mem 0x53300000-0x533fffff]
[    0.361012] pci_bus 0000:01: resource 2 [mem 0x50000000-0x51bfffff 64bit pref]
[    0.361013] pci_bus 0000:02: resource 1 [mem 0x53200000-0x532fffff]
[    0.361014] pci_bus 0000:03: resource 0 [io  0x4000-0x4fff]
[    0.361016] pci_bus 0000:03: resource 1 [mem 0x53100000-0x531fffff]
[    0.361017] pci_bus 0000:04: resource 0 [io  0x3000-0x3fff]
[    0.361018] pci_bus 0000:04: resource 1 [mem 0x53000000-0x530fffff]
[    0.361324] PCI: CLS 64 bytes, default 64
[    0.361336] PCI-DMA: Using software bounce buffering for IO (SWIOTLB)
[    0.361337] software IO TLB: mapped [mem 0x00000000243ae000-0x00000000283ae000] (64MB)
[    0.361428] Trying to unpack rootfs image as initramfs...
[    0.361618] clocksource: tsc: mask: 0xffffffffffffffff max_cycles: 0x2cd5a8bb032, max_idle_ns: 440795365915 ns
[    0.361635] clocksource: Switched to clocksource tsc
[    0.361656] platform rtc_cmos: registered platform RTC device (no PNP device found)
[    0.362022] Initialise system trusted keyrings
[    0.362029] Key type blacklist registered
[    0.362066] workingset: timestamp_bits=36 max_order=23 bucket_order=0
[    0.362073] zbud: loaded
[    0.362176] squashfs: version 4.0 (2009/01/31) Phillip Lougher
[    0.362229] fuse: init (API version 7.38)
[    0.362330] integrity: Platform Keyring initialized
[    0.362333] integrity: Machine keyring initialized
[    0.367876] Key type asymmetric registered
[    0.367879] Asymmetric key parser 'x509' registered
[    0.367890] Block layer SCSI generic (bsg) driver version 0.4 loaded (major 243)
[    0.367933] io scheduler mq-deadline registered
[    0.368275] pcieport 0000:00:01.0: AER: enabled with IRQ 122
[    0.368427] pcieport 0000:00:06.0: AER: enabled with IRQ 123
[    0.368598] pcieport 0000:00:1d.0: AER: enabled with IRQ 124
[    0.368773] pcieport 0000:00:1d.1: AER: enabled with IRQ 125
[    0.368833] shpchp: Standard Hot Plug PCI Controller Driver version: 0.4
[    0.369521] input: Sleep Button as /devices/LNXSYSTM:00/LNXSYBUS:00/PNP0C0E:00/input/input0
[    0.369535] ACPI: button: Sleep Button [SLPB]
[    0.369552] input: Power Button as /devices/LNXSYSTM:00/LNXSYBUS:00/PNP0C0C:00/input/input1
[    0.369561] ACPI: button: Power Button [PWRB]
[    0.369575] input: Power Button as /devices/LNXSYSTM:00/LNXPWRBN:00/input/input2
[    0.369682] ACPI: button: Power Button [PWRF]
[    0.372619] thermal LNXTHERM:00: registered as thermal_zone0
[    0.372621] ACPI: thermal: Thermal Zone [TZ00] (28 C)
[    0.372742] Serial: 8250/16550 driver, 32 ports, IRQ sharing enabled
[    0.394963] 00:03: ttyS0 at I/O 0x3f8 (irq = 4, base_baud = 115200) is a 16550A
[    0.419907] serial8250: ttyS1 at I/O 0x2f8 (irq = 3, base_baud = 115200) is a 16550A
[    0.420639] Linux agpgart interface v0.103
[    0.430593] loop: module loaded
[    0.430723] tun: Universal TUN/TAP device driver, 1.6
[    0.430737] PPP generic driver version 2.4.2
[    0.430799] i8042: PNP: PS/2 Controller [PNP0303:PS2K,PNP0f03:PS2M] at 0x60,0x64 irq 1,12
[    0.434932] serio: i8042 KBD port at 0x60,0x64 irq 1
[    0.434935] serio: i8042 AUX port at 0x60,0x64 irq 12
[    0.434977] mousedev: PS/2 mouse device common for all mice
[    0.435104] rtc_cmos rtc_cmos: RTC can wake from S4
[    0.435582] rtc_cmos rtc_cmos: registered as rtc0
[    0.435670] rtc_cmos rtc_cmos: setting system clock to 2023-06-06T12:55:12 UTC (1686056112)
[    0.435695] rtc_cmos rtc_cmos: alarms up to one month, y3k, 114 bytes nvram
[    0.435697] i2c_dev: i2c /dev entries driver
[    0.448175] device-mapper: core: CONFIG_IMA_DISABLE_HTABLE is disabled. Duplicate IMA measurements will not be recorded in the IMA log.
[    0.448184] device-mapper: uevent: version 1.0.3
[    0.448210] device-mapper: ioctl: 4.47.0-ioctl (2022-07-28) initialised: dm-devel@redhat.com
[    0.448223] platform eisa.0: Probing EISA bus 0
[    0.448225] platform eisa.0: EISA: Cannot allocate resource for mainboard
[    0.448226] platform eisa.0: Cannot allocate resource for EISA slot 1
[    0.448227] platform eisa.0: Cannot allocate resource for EISA slot 2
[    0.448228] platform eisa.0: Cannot allocate resource for EISA slot 3
[    0.448229] platform eisa.0: Cannot allocate resource for EISA slot 4
[    0.448230] platform eisa.0: Cannot allocate resource for EISA slot 5
[    0.448231] platform eisa.0: Cannot allocate resource for EISA slot 6
[    0.448232] platform eisa.0: Cannot allocate resource for EISA slot 7
[    0.448233] platform eisa.0: Cannot allocate resource for EISA slot 8
[    0.448234] platform eisa.0: EISA: Detected 0 cards
[    0.448236] intel_pstate: Intel P-state driver initializing
[    0.450407] intel_pstate: HWP enabled
[    0.450800] ledtrig-cpu: registered to indicate activity on CPUs
[    0.450829] efifb: probing for efifb
[    0.450846] efifb: framebuffer at 0x40000000, using 8100k, total 8100k
[    0.450848] efifb: mode is 1920x1080x32, linelength=7680, pages=1
[    0.450850] efifb: scrolling: redraw
[    0.450851] efifb: Truecolor: size=8:8:8:8, shift=24:16:8:0
[    0.450927] Console: switching to colour frame buffer device 240x67
[    0.452186] fb0: EFI VGA frame buffer device
[    0.452312] intel_pmc_core INT33A1:00:  initialized
[    0.452382] drop_monitor: Initializing network drop monitor service
[    0.474747] NET: Registered PF_INET6 protocol family
[    0.730088] Freeing initrd memory: 128688K
[    0.734160] Segment Routing with IPv6
[    0.734174] In-situ OAM (IOAM) with IPv6
[    0.734196] NET: Registered PF_PACKET protocol family
[    0.734269] Key type dns_resolver registered
[    0.736131] microcode: Microcode Update Driver: v2.2.
[    0.736137] IPI shorthand broadcast: enabled
[    0.736755] sched_clock: Marking stable (739576937, -3447061)->(743816118, -7686242)
[    0.737256] registered taskstats version 1
[    0.737936] Loading compiled-in X.509 certificates
[    0.738262] Loaded X.509 cert 'Build time autogenerated kernel key: a8802ebfb6ac7647abbf6a933d863c986f97e726'
[    0.738524] Loaded X.509 cert 'Canonical Ltd. Live Patch Signing: 14df34d1a87cf37625abec039ef2bf521249b969'
[    0.738779] Loaded X.509 cert 'Canonical Ltd. Kernel Module Signing: 88f752e560a1e0737e31163a466ad7b70a850c19'
[    0.738788] blacklist: Loading compiled-in revocation X.509 certificates
[    0.738803] Loaded X.509 cert 'Canonical Ltd. Secure Boot Signing: 61482aa2830d0ab2ad5af10b7250da9033ddcef0'
[    0.738818] Loaded X.509 cert 'Canonical Ltd. Secure Boot Signing (2017): 242ade75ac4a15e50d50c84b0d45ff3eae707a03'
[    0.738833] Loaded X.509 cert 'Canonical Ltd. Secure Boot Signing (ESM 2018): 365188c1d374d6b07c3c8f240f8ef722433d6a8b'
[    0.738850] Loaded X.509 cert 'Canonical Ltd. Secure Boot Signing (2019): c0746fd6c5da3ae827864651ad66ae47fe24b3e8'
[    0.738866] Loaded X.509 cert 'Canonical Ltd. Secure Boot Signing (2021 v1): a8d54bbb3825cfb94fa13c9f8a594a195c107b8d'
[    0.738883] Loaded X.509 cert 'Canonical Ltd. Secure Boot Signing (2021 v2): 4cf046892d6fd3c9a5b03f98d845f90851dc6a8c'
[    0.738898] Loaded X.509 cert 'Canonical Ltd. Secure Boot Signing (2021 v3): 100437bb6de6e469b581e61cd66bce3ef4ed53af'
[    0.738914] Loaded X.509 cert 'Canonical Ltd. Secure Boot Signing (Ubuntu Core 2019): c1d57b8f6b743f23ee41f4f7ee292f06eecadfb9'
[    0.739362] zswap: loaded using pool lzo/zbud
[    0.740477] Key type .fscrypt registered
[    0.740481] Key type fscrypt-provisioning registered
[    0.741216] Key type trusted registered
[    0.742665] Key type encrypted registered
[    0.742670] AppArmor: AppArmor sha1 policy hashing enabled
[    0.742764] Loading compiled-in module X.509 certificates
[    0.743019] Loaded X.509 cert 'Build time autogenerated kernel key: a8802ebfb6ac7647abbf6a933d863c986f97e726'
[    0.743028] ima: Allocated hash algorithm: sha1
[    0.777975] ima: No architecture policies found
[    0.778012] evm: Initialising EVM extended attributes:
[    0.778031] evm: security.selinux
[    0.778044] evm: security.SMACK64
[    0.778056] evm: security.SMACK64EXEC
[    0.778069] evm: security.SMACK64TRANSMUTE
[    0.778084] evm: security.SMACK64MMAP
[    0.778927] evm: security.apparmor
[    0.779976] evm: security.ima
[    0.780878] evm: security.capability
[    0.781784] evm: HMAC attrs: 0x1
[    0.783232] PM:   Magic number: 11:612:935
[    0.784696] RAS: Correctable Errors collector initialized.
[    0.799314] Freeing unused decrypted memory: 2036K
[    0.800403] Freeing unused kernel image (initmem) memory: 4644K
[    0.807494] Write protecting the kernel read-only data: 43008k
[    0.808620] Freeing unused kernel image (rodata/data gap) memory: 2044K
[    0.815041] x86/mm: Checked W+X mappings: passed, no W+X pages found.
[    0.815466] Run /init as init process
[    0.815906]   with arguments:
[    0.815907]     /init
[    0.815907]   with environment:
[    0.815908]     HOME=/
[    0.815908]     TERM=linux
[    0.815908]     BOOT_IMAGE=/vmlinuz-6.2.0-20-generic
[    0.876113] xhci_hcd 0000:00:14.0: xHCI Host Controller
[    0.876353] i801_smbus 0000:00:1f.4: SPD Write Disable is set
[    0.877436] i801_smbus 0000:00:1f.4: SMBus using PCI interrupt
[    0.877554] xhci_hcd 0000:00:14.0: new USB bus registered, assigned bus number 1
[    0.880096] xhci_hcd 0000:00:14.0: hcc params 0x20007fc1 hci version 0x120 quirks 0x0000100200009810
[    0.882459] r8169 0000:03:00.0: can't disable ASPM; OS doesn't have ASPM control
[    0.882540] ahci 0000:00:17.0: version 3.0
[    0.885084] ahci 0000:00:17.0: AHCI 0001.0301 32 slots 2 ports 6 Gbps 0x3 impl SATA mode
[    0.885728] i2c i2c-0: 2/2 memory slots populated (from DMI)
[    0.885878] ahci 0000:00:17.0: flags: 64bit ncq sntf clo only pio slum part deso sadm sds 
[    0.886414] xhci_hcd 0000:00:14.0: xHCI Host Controller
[    0.887927] xhci_hcd 0000:00:14.0: new USB bus registered, assigned bus number 2
[    0.888269] i2c i2c-0: Successfully instantiated SPD at 0x50
[    0.888735] xhci_hcd 0000:00:14.0: Host supports USB 3.1 Enhanced SuperSpeed
[    0.888967] scsi host0: ahci
[    0.889121] scsi host1: ahci
[    0.889216] ata1: SATA max UDMA/133 abar m2048@0x5341f000 port 0x5341f100 irq 127
[    0.889219] ata2: SATA max UDMA/133 abar m2048@0x5341f000 port 0x5341f180 irq 127
[    0.893655] usb usb1: New USB device found, idVendor=1d6b, idProduct=0002, bcdDevice= 6.02
[    0.894453] usb usb1: New USB device strings: Mfr=3, Product=2, SerialNumber=1
[    0.895238] usb usb1: Product: xHCI Host Controller
[    0.896027] usb usb1: Manufacturer: Linux 6.2.0-20-generic xhci-hcd
[    0.896781] usb usb1: SerialNumber: 0000:00:14.0
[    0.896888] r8169 0000:03:00.0 eth0: RTL8125B, 00:e2:69:6d:36:17, XID 641, IRQ 128
[    0.898310] r8169 0000:03:00.0 eth0: jumbo features [frames: 9194 bytes, tx checksumming: ko]
[    0.899316] r8169 0000:04:00.0: can't disable ASPM; OS doesn't have ASPM control
[    0.899324] cryptd: max_cpu_qlen set to 1000
[    0.899424] hub 1-0:1.0: USB hub found
[    0.899443] hub 1-0:1.0: 12 ports detected
[    0.900018] i40e: Intel(R) Ethernet Connection XL710 Network Driver
[    0.900689] ACPI: bus type drm_connector registered
[    0.901126] i40e: Copyright (c) 2013 - 2019 Intel Corporation.
[    0.901759] usb usb2: New USB device found, idVendor=1d6b, idProduct=0003, bcdDevice= 6.02
[    0.903338] usb usb2: New USB device strings: Mfr=3, Product=2, SerialNumber=1
[    0.903794] usb usb2: Product: xHCI Host Controller
[    0.904250] usb usb2: Manufacturer: Linux 6.2.0-20-generic xhci-hcd
[    0.904687] usb usb2: SerialNumber: 0000:00:14.0
[    0.905201] hub 2-0:1.0: USB hub found
[    0.905637] hub 2-0:1.0: 4 ports detected
[    0.916820] i40e 0000:01:00.0: fw 9.110.72185 api 1.15 nvm 9.10 0x8000d008 1.3179.0 [8086:1572] [8086:0007]
[    0.917347] r8169 0000:04:00.0 eth1: RTL8168h/8111h, 00:e2:69:6d:36:16, XID 541, IRQ 129
[    0.917778] r8169 0000:04:00.0 eth1: jumbo features [frames: 9194 bytes, tx checksumming: ko]
[    1.155521] usb 1-1: new high-speed USB device number 2 using xhci_hcd
[    1.170373] i40e 0000:01:00.0: MAC address: [redacted]
[    1.171003] i40e 0000:01:00.0: FW LLDP is disabled
[    1.171503] i40e 0000:01:00.0: FW LLDP is disabled, attempting SW DCB
[    1.179978] i40e 0000:01:00.0: SW DCB initialization succeeded.
[    1.184152] i40e 0000:01:00.0: PCI-Express: Speed 8.0GT/s Width x8
[    1.185032] i40e 0000:01:00.0: Features: PF-id[0] VFs: 64 VSIs: 66 QP: 16 RSS FD_ATR FD_SB NTUPLE DCB VxLAN Geneve PTP VEPA
[    1.193469] r8169 0000:04:00.0 enp4s0: renamed from eth1
[    1.198329] i40e 0000:01:00.1: fw 9.110.72185 api 1.15 nvm 9.10 0x8000d008 1.3179.0 [8086:1572] [8086:0007]
[    1.200538] ata2: SATA link up 6.0 Gbps (SStatus 133 SControl 300)
[    1.201434] ata2.00: supports DRM functions and may not be fully accessible
[    1.201909] ata2.00: ATA-11: KINGSTON SUV500120G, 003056RI, max UDMA/133
[    1.202522] ata2.00: 234441648 sectors, multi 1: LBA48 NCQ (depth 32), AA
[    1.203420] ata1: SATA link down (SStatus 0 SControl 300)
[    1.205126] ata2.00: supports DRM functions and may not be fully accessible
[    1.206359] ata2.00: configured for UDMA/133
[    1.207078] scsi 1:0:0:0: Direct-Access     ATA      KINGSTON SUV5001 56RI PQ: 0 ANSI: 5
[    1.208391] sd 1:0:0:0: Attached scsi generic sg0 type 0
[    1.208585] sd 1:0:0:0: [sda] 234441648 512-byte logical blocks: (120 GB/112 GiB)
[    1.209683] sd 1:0:0:0: [sda] 4096-byte physical blocks
[    1.210662] sd 1:0:0:0: [sda] Write Protect is off
[    1.211470] sd 1:0:0:0: [sda] Mode Sense: 00 3a 00 00
[    1.211539] sd 1:0:0:0: [sda] Write cache: enabled, read cache: enabled, doesn't support DPO or FUA
[    1.212234] sd 1:0:0:0: [sda] Preferred minimum I/O size 4096 bytes
[    1.246423]  sda: sda1 sda2 sda3
[    1.247139] sd 1:0:0:0: [sda] Attached SCSI disk
[    1.250228] AVX2 version of gcm_enc/dec engaged.
[    1.250757] AES CTR mode by8 optimization enabled
[    1.253537] nvme 0000:02:00.0: platform quirk: setting simple suspend
[    1.253984] r8169 0000:03:00.0 enp3s0: renamed from eth0
[    1.254498] nvme nvme0: pci function 0000:02:00.0
[    1.261942] nvme nvme0: missing or invalid SUBNQN field.
[    1.262429] nvme nvme0: Shutdown timeout set to 8 seconds
[    1.280002] nvme nvme0: 16/0/0 default/read/poll queues
[    1.284736]  nvme0n1: p1 p2 p3
[    1.329600] usb 1-1: New USB device found, idVendor=174c, idProduct=2074, bcdDevice= 0.01
[    1.330395] usb 1-1: New USB device strings: Mfr=2, Product=3, SerialNumber=1
[    1.331199] usb 1-1: Product: ASM107x
[    1.331995] usb 1-1: Manufacturer: Asmedia
[    1.332818] usb 1-1: SerialNumber: 11112222333300B8
[    1.334816] hub 1-1:1.0: USB hub found
[    1.335852] hub 1-1:1.0: 4 ports detected
[    1.449644] i40e 0000:01:00.1: MAC address: [redacted]
[    1.450277] i40e 0000:01:00.1: FW LLDP is disabled
[    1.450789] i40e 0000:01:00.1: FW LLDP is disabled, attempting SW DCB
[    1.455677] usb 2-1: new SuperSpeed USB device number 2 using xhci_hcd
[    1.459248] i40e 0000:01:00.1: SW DCB initialization succeeded.
[    1.463256] i40e 0000:01:00.1: PCI-Express: Speed 8.0GT/s Width x8
[    1.464165] i40e 0000:01:00.1: Features: PF-id[1] VFs: 64 VSIs: 66 QP: 16 RSS FD_ATR FD_SB NTUPLE DCB VxLAN Geneve PTP VEPA
[    1.477929] usb 2-1: New USB device found, idVendor=174c, idProduct=3074, bcdDevice= 0.01
[    1.478723] usb 2-1: New USB device strings: Mfr=2, Product=3, SerialNumber=1
[    1.479496] usb 2-1: Product: ASM107x
[    1.480257] usb 2-1: Manufacturer: Asmedia
[    1.481067] usb 2-1: SerialNumber: 11112222333300B8
[    1.482833] hub 2-1:1.0: USB hub found
[    1.483855] hub 2-1:1.0: 4 ports detected
[    1.500526] i40e 0000:01:00.0 enp1s0f0: renamed from eth2
[    1.512130] Console: switching to colour dummy device 80x25
[    1.512156] i915 0000:00:02.0: vgaarb: deactivate vga console
[    1.512190] i915 0000:00:02.0: [drm] Using Transparent Hugepages
[    1.512576] i915 0000:00:02.0: vgaarb: changed VGA decodes: olddecodes=io+mem,decodes=io+mem:owns=io+mem
[    1.513815] i915 0000:00:02.0: [drm] Finished loading DMC firmware i915/adlp_dmc_ver2_16.bin (v2.16)
[    1.518766] i915 0000:00:02.0: [drm] GuC firmware i915/adlp_guc_70.bin version 70.5.1
[    1.518772] i915 0000:00:02.0: [drm] HuC firmware i915/tgl_huc.bin version 7.9.3
[    1.534906] i915 0000:00:02.0: [drm] HuC authenticated
[    1.535285] i915 0000:00:02.0: [drm] GuC submission enabled
[    1.535286] i915 0000:00:02.0: [drm] GuC SLPC enabled
[    1.535838] i915 0000:00:02.0: [drm] GuC RC: enabled
[    1.536650] i915 0000:00:02.0: [drm] Protected Xe Path (PXP) protected content support initialized
[    1.543647] i40e 0000:01:00.1 enp1s0f1: renamed from eth0
[    1.569193] [drm] Initialized i915 1.6.0 20201103 for 0000:00:02.0 on minor 0
[    1.569958] ACPI: video: Video Device [GFX0] (multi-head: yes  rom: no  post: no)
[    1.570160] input: Video Bus as /devices/LNXSYSTM:00/LNXSYBUS:00/PNP0A08:00/LNXVIDEO:00/input/input6
[    1.597877] fbcon: i915drmfb (fb0) is primary device
[    1.600849] Console: switching to colour frame buffer device 240x67
[    1.619130] i915 0000:00:02.0: [drm] fb0: i915drmfb frame buffer device
[    1.643519] usb 1-1.4: new high-speed USB device number 3 using xhci_hcd
[    1.769955] usb 1-1.4: New USB device found, idVendor=2109, idProduct=2812, bcdDevice= d.a0
[    1.769986] usb 1-1.4: New USB device strings: Mfr=1, Product=2, SerialNumber=0
[    1.770005] usb 1-1.4: Product: USB2.0 Hub             
[    1.770019] usb 1-1.4: Manufacturer: VIA Labs, Inc.         
[    1.771206] hub 1-1.4:1.0: USB hub found
[    1.771366] hub 1-1.4:1.0: 4 ports detected
[    1.843784] usb 2-1.4: new SuperSpeed USB device number 3 using xhci_hcd
[    1.935370] raid6: avx2x4   gen() 37257 MB/s
[    2.003370] raid6: avx2x2   gen() 39662 MB/s
[    2.071370] raid6: avx2x1   gen() 38013 MB/s
[    2.071375] raid6: using algorithm avx2x2 gen() 39662 MB/s
[    2.098816] usb 2-1.4: New USB device found, idVendor=2109, idProduct=0812, bcdDevice= d.a1
[    2.098831] usb 2-1.4: New USB device strings: Mfr=1, Product=2, SerialNumber=0
[    2.098841] usb 2-1.4: Product: USB3.0 Hub             
[    2.098849] usb 2-1.4: Manufacturer: VIA Labs, Inc.         
[    2.100379] hub 2-1.4:1.0: USB hub found
[    2.100627] hub 2-1.4:1.0: 4 ports detected
[    2.139369] raid6: .... xor() 26729 MB/s, rmw enabled
[    2.139374] raid6: using avx2x2 recovery algorithm
[    2.140659] xor: automatically using best checksumming function   avx       
[    2.141335] async_tx: api initialized (async)
[    2.187552] usb 1-1.4.4: new full-speed USB device number 4 using xhci_hcd
[    2.202994] Btrfs loaded, crc32c=crc32c-intel, zoned=yes, fsverity=yes
[    2.305938] usb 1-1.4.4: New USB device found, idVendor=24f0, idProduct=0140, bcdDevice= 1.00
[    2.305969] usb 1-1.4.4: New USB device strings: Mfr=1, Product=2, SerialNumber=0
[    2.305990] usb 1-1.4.4: Product: Das Keyboard
[    2.306009] usb 1-1.4.4: Manufacturer: Metadot - Das Keyboard
[    2.315245] hid: raw HID events driver (C) Jiri Kosina
[    2.315943] EXT4-fs (dm-0): orphan cleanup on readonly fs
[    2.316612] EXT4-fs (dm-0): mounted filesystem 79bea15b-33f5-4f11-ba1b-0494fbb8669c with ordered data mode. Quota mode: none.
[    2.318020] usbcore: registered new interface driver usbhid
[    2.318022] usbhid: USB HID core driver
[    2.319868] input: Metadot - Das Keyboard Das Keyboard as /devices/pci0000:00/0000:00:14.0/usb1/1-1/1-1.4/1-1.4.4/1-1.4.4:1.0/0003:24F0:0140.0001/input/input7
[    2.380249] hid-generic 0003:24F0:0140.0001: input,hidraw0: USB HID v1.10 Keyboard [Metadot - Das Keyboard Das Keyboard] on usb-0000:00:14.0-1.4.4/input0
[    2.382264] input: Metadot - Das Keyboard Das Keyboard System Control as /devices/pci0000:00/0000:00:14.0/usb1/1-1/1-1.4/1-1.4.4/1-1.4.4:1.1/0003:24F0:0140.0002/input/input8
[    2.443949] input: Metadot - Das Keyboard Das Keyboard Consumer Control as /devices/pci0000:00/0000:00:14.0/usb1/1-1/1-1.4/1-1.4.4/1-1.4.4:1.1/0003:24F0:0140.0002/input/input9
[    2.446450] hid-generic 0003:24F0:0140.0002: input,hidraw1: USB HID v1.10 Device [Metadot - Das Keyboard Das Keyboard] on usb-0000:00:14.0-1.4.4/input1
[    2.596258] systemd[1]: Inserted module 'autofs4'
[    2.620126] systemd[1]: systemd 252.5-2ubuntu3 running in system mode (+PAM +AUDIT +SELINUX +APPARMOR +IMA +SMACK +SECCOMP +GCRYPT -GNUTLS +OPENSSL +ACL +BLKID +CURL +ELFUTILS +FIDO2 +IDN2 -IDN +IPTC +KMOD +LIBCRYPTSETUP +LIBFDISK +PCRE2 -PWQUALITY +P11KIT +QRENCODE +TPM2 +BZIP2 +LZ4 +XZ +ZLIB +ZSTD -BPF_FRAMEWORK -XKBCOMMON +UTMP +SYSVINIT default-hierarchy=unified)
[    2.621732] systemd[1]: Detected architecture x86-64.
[    2.626409] systemd[1]: Hostname set to <testing>.
[    2.834977] systemd[1]: Queued start job for default target graphical.target.
[    2.860445] systemd[1]: Created slice system-modprobe.slice - Slice /system/modprobe.
[    2.863635] systemd[1]: Created slice system-systemd\x2dfsck.slice - Slice /system/systemd-fsck.
[    2.865944] systemd[1]: Created slice user.slice - User and Session Slice.
[    2.867795] systemd[1]: Started systemd-ask-password-wall.path - Forward Password Requests to Wall Directory Watch.
[    2.869571] systemd[1]: Set up automount proc-sys-fs-binfmt_misc.automount - Arbitrary Executable File Formats File System Automount Point.
[    2.871323] systemd[1]: Reached target integritysetup.target - Local Integrity Protected Volumes.
[    2.873157] systemd[1]: Reached target slices.target - Slice Units.
[    2.874930] systemd[1]: Reached target snapd.mounts-pre.target - Mounting snaps.
[    2.876730] systemd[1]: Reached target veritysetup.target - Local Verity Protected Volumes.
[    2.878529] systemd[1]: Listening on dm-event.socket - Device-mapper event daemon FIFOs.
[    2.880360] systemd[1]: Listening on lvm2-lvmpolld.socket - LVM2 poll daemon socket.
[    2.882191] systemd[1]: Listening on multipathd.socket - multipathd control socket.
[    2.884045] systemd[1]: Listening on syslog.socket - Syslog Socket.
[    2.885914] systemd[1]: Listening on systemd-fsckd.socket - fsck to fsckd communication Socket.
[    2.887793] systemd[1]: Listening on systemd-initctl.socket - initctl Compatibility Named Pipe.
[    2.889727] systemd[1]: Listening on systemd-journald-audit.socket - Journal Audit Socket.
[    2.891650] systemd[1]: Listening on systemd-journald-dev-log.socket - Journal Socket (/dev/log).
[    2.893544] systemd[1]: Listening on systemd-journald.socket - Journal Socket.
[    2.895450] systemd[1]: Listening on systemd-networkd.socket - Network Service Netlink Socket.
[    2.897354] systemd[1]: Listening on systemd-udevd-control.socket - udev Control Socket.
[    2.899238] systemd[1]: Listening on systemd-udevd-kernel.socket - udev Kernel Socket.
[    2.923607] systemd[1]: Mounting dev-hugepages.mount - Huge Pages File System...
[    2.925964] systemd[1]: Mounting dev-mqueue.mount - POSIX Message Queue File System...
[    2.928207] systemd[1]: Mounting sys-kernel-debug.mount - Kernel Debug File System...
[    2.930411] systemd[1]: Mounting sys-kernel-tracing.mount - Kernel Trace File System...
[    2.935391] systemd[1]: Starting systemd-journald.service - Journal Service...
[    2.937802] systemd[1]: Starting keyboard-setup.service - Set the console keyboard layout...
[    2.940168] systemd[1]: Starting kmod-static-nodes.service - Create List of Static Device Nodes...
[    2.942949] systemd[1]: Starting lvm2-monitor.service - Monitoring of LVM2 mirrors, snapshots etc. using dmeventd or progress polling...
[    2.949331] systemd[1]: lxd-agent.service - LXD - agent was skipped because of an unmet condition check (ConditionPathExists=/dev/virtio-ports/org.linuxcontainers.lxd).
[    2.950426] systemd[1]: Starting modprobe@configfs.service - Load Kernel Module configfs...
[    2.953029] systemd[1]: Starting modprobe@drm.service - Load Kernel Module drm...
[    2.955186] systemd[1]: Starting modprobe@efi_pstore.service - Load Kernel Module efi_pstore...
[    2.957416] systemd[1]: Starting modprobe@fuse.service - Load Kernel Module fuse...
[    2.958632] pstore: Using crash dump compression: deflate
[    2.959975] systemd[1]: netplan-ovs-cleanup.service - OpenVSwitch configuration for cleanup was skipped because of an unmet condition check (ConditionFileIsExecutable=/usr/bin/ovs-vsctl).
[    2.960675] systemd[1]: systemd-fsck-root.service - File System Check on Root Device was skipped because of an unmet condition check (ConditionPathExists=!/run/initramfs/fsck-root).
[    2.961398] pstore: Registered efi_pstore as persistent store backend
[    2.962113] systemd[1]: Starting systemd-modules-load.service - Load Kernel Modules...
[    2.964921] systemd[1]: Starting systemd-remount-fs.service - Remount Root and Kernel File Systems...
[    2.966811] systemd[1]: systemd-repart.service - Repartition Root Disk was skipped because no trigger condition checks were met.
[    2.967902] systemd[1]: Starting systemd-udev-trigger.service - Coldplug All udev Devices...
[    2.969917] EXT4-fs (dm-0): re-mounted 79bea15b-33f5-4f11-ba1b-0494fbb8669c. Quota mode: none.
[    2.970401] systemd[1]: Started systemd-journald.service - Journal Service.
[    2.993802] Adding 8388604k swap on /swap.img.  Priority:-2 extents:29 across:54609868k SSFS
[    3.001070] systemd-journald[522]: Received client request to flush runtime journal.
[    3.001075] alua: device handler registered
[    3.003311] emc: device handler registered
[    3.006322] rdac: device handler registered
[    3.121187] loop0: detected capacity change from 0 to 149488
[    3.122821] loop1: detected capacity change from 0 to 333824
[    3.124719] loop2: detected capacity change from 0 to 102072
[    3.187838] mc: Linux media interface: v0.10
[    3.202015] videodev: Linux video capture interface: v2.00
[    3.202629] resource: resource sanity check: requesting [mem 0x00000000fedc0000-0x00000000fedcffff], which spans more than pnp 00:06 [mem 0xfedc0000-0xfedc7fff]
[    3.202635] caller igen6_probe+0x1c4/0x610 [igen6_edac] mapping multiple BARs
[    3.204832] EDAC MC0: Giving out device to module igen6_edac controller Intel_client_SoC MC#0: DEV 0000:00:00.0 (INTERRUPT)
[    3.208905] EDAC MC1: Giving out device to module igen6_edac controller Intel_client_SoC MC#1: DEV 0000:00:00.0 (INTERRUPT)
[    3.208929] EDAC igen6 MC1: HANDLING IBECC MEMORY ERROR
[    3.208931] EDAC igen6 MC1: ADDR 0x7fffffffe0 
[    3.208933] EDAC igen6 MC0: HANDLING IBECC MEMORY ERROR
[    3.208934] EDAC igen6 MC0: ADDR 0x7fffffffe0 
[    3.209749] EDAC igen6: v2.5
[    3.215287] mei_me 0000:00:16.0: enabling device (0000 -> 0002)
[    3.220682] ee1004 0-0050: 512 byte EE1004-compliant SPD EEPROM, read-only
[    3.252326] spi-nor spi0.0: w25q128 (16384 Kbytes)
[    3.252390] RAPL PMU: API unit is 2^-32 Joules, 3 fixed counters, 655360 ms ovfl timer
[    3.252391] RAPL PMU: hw unit of domain pp0-core 2^-14 Joules
[    3.252392] RAPL PMU: hw unit of domain package 2^-14 Joules
[    3.252393] RAPL PMU: hw unit of domain pp1-gpu 2^-14 Joules
[    3.253048] mei_hdcp 0000:00:16.0-b638ab7e-94e2-4ea2-a552-d1c54b627f04: bound 0000:00:02.0 (ops i915_hdcp_component_ops [i915])
[    3.254078] mei_pxp 0000:00:16.0-fbf6fcf1-96cf-4e2e-a6a6-1bab8cbe36b1: bound 0000:00:02.0 (ops i915_pxp_tee_component_ops [i915])
[    3.258143] Creating 1 MTD partitions on "0000:00:1f.5":
[    3.258146] 0x000000000000-0x000001000000 : "BIOS"
[    3.322744] intel_tcc_cooling: TCC Offset locked
[    3.325288] intel_rapl_msr: PL4 support detected.
[    3.325303] intel_rapl_common: Found RAPL domain package
[    3.325305] intel_rapl_common: Found RAPL domain core
[    3.325306] intel_rapl_common: Found RAPL domain uncore
[    4.012139] EXT4-fs (sda2): mounted filesystem 3b202a7e-67a4-4a44-9a27-2af3d0df37dd with ordered data mode. Quota mode: none.
[    4.089423] audit: type=1400 audit(1686056116.147:2): apparmor="STATUS" operation="profile_load" profile="unconfined" name="nvidia_modprobe" pid=829 comm="apparmor_parser"
[    4.089691] audit: type=1400 audit(1686056116.147:3): apparmor="STATUS" operation="profile_load" profile="unconfined" name="nvidia_modprobe//kmod" pid=829 comm="apparmor_parser"
[    4.103815] audit: type=1400 audit(1686056116.163:4): apparmor="STATUS" operation="profile_load" profile="unconfined" name="lsb_release" pid=828 comm="apparmor_parser"
[    4.115308] audit: type=1400 audit(1686056116.171:5): apparmor="STATUS" operation="profile_load" profile="unconfined" name="rsyslogd" pid=834 comm="apparmor_parser"
[    4.133203] audit: type=1400 audit(1686056116.191:6): apparmor="STATUS" operation="profile_load" profile="unconfined" name="/usr/bin/man" pid=831 comm="apparmor_parser"
[    4.133442] audit: type=1400 audit(1686056116.191:7): apparmor="STATUS" operation="profile_load" profile="unconfined" name="man_filter" pid=831 comm="apparmor_parser"
[    4.133764] audit: type=1400 audit(1686056116.191:8): apparmor="STATUS" operation="profile_load" profile="unconfined" name="man_groff" pid=831 comm="apparmor_parser"
[    4.151130] audit: type=1400 audit(1686056116.207:9): apparmor="STATUS" operation="profile_load" profile="unconfined" name="/usr/lib/NetworkManager/nm-dhcp-client.action" pid=830 comm="apparmor_parser"
[    4.151145] audit: type=1400 audit(1686056116.207:10): apparmor="STATUS" operation="profile_load" profile="unconfined" name="tcpdump" pid=832 comm="apparmor_parser"
[    4.691946] cfg80211: Loading compiled-in X.509 certificates for regulatory database
[    4.692154] cfg80211: Loaded X.509 cert 'sforshee: 00b28ddf47aef9cea7'
[    4.735570] Generic FE-GE Realtek PHY r8169-0-400:00: attached PHY driver (mii_bus:phy_addr=r8169-0-400:00, irq=MAC)
[    4.947696] r8169 0000:04:00.0 enp4s0: Link is Down
[    4.975547] RTL8226B_RTL8221B 2.5Gbps PHY r8169-0-300:00: attached PHY driver (mii_bus:phy_addr=r8169-0-300:00, irq=MAC)
[    5.187723] r8169 0000:03:00.0 enp3s0: Link is Down
[    7.817804] r8169 0000:03:00.0 enp3s0: Link is Up - 1Gbps/Full - flow control rx/tx
[    7.817861] IPv6: ADDRCONF(NETDEV_CHANGE): enp3s0: link becomes ready
[  125.559502] kauditd_printk_skb: 21 callbacks suppressed
[  125.559504] audit: type=1400 audit(1686056237.701:32): apparmor="STATUS" operation="profile_replace" info="same as current profile, skipping" profile="unconfined" name="rsyslogd" pid=909 comm="apparmor_parser"
[  125.831929] loop3: detected capacity change from 0 to 8
[  126.053253] audit: type=1400 audit(1686056238.193:33): apparmor="STATUS" operation="profile_replace" info="same as current profile, skipping" profile="unconfined" name="/usr/lib/snapd/snap-confine" pid=1043 comm="apparmor_parser"
[  126.053413] audit: type=1400 audit(1686056238.193:34): apparmor="STATUS" operation="profile_replace" info="same as current profile, skipping" profile="unconfined" name="/usr/lib/snapd/snap-confine//mount-namespace-capture-helper" pid=1043 comm="apparmor_parser"
[  126.297069] audit: type=1400 audit(1686056238.437:35): apparmor="STATUS" operation="profile_replace" profile="unconfined" name="/snap/snapd/18596/usr/lib/snapd/snap-confine" pid=1150 comm="apparmor_parser"
[  126.318437] audit: type=1400 audit(1686056238.461:36): apparmor="STATUS" operation="profile_replace" profile="unconfined" name="/snap/snapd/18596/usr/lib/snapd/snap-confine//mount-namespace-capture-helper" pid=1150 comm="apparmor_parser"
[  126.326275] audit: type=1400 audit(1686056238.469:37): apparmor="STATUS" operation="profile_replace" info="same as current profile, skipping" profile="unconfined" name="snap-update-ns.lxd" pid=1152 comm="apparmor_parser"
[  126.329979] audit: type=1400 audit(1686056238.469:38): apparmor="STATUS" operation="profile_replace" info="same as current profile, skipping" profile="unconfined" name="snap.lxd.benchmark" pid=1154 comm="apparmor_parser"
[  126.330141] audit: type=1400 audit(1686056238.473:39): apparmor="STATUS" operation="profile_replace" info="same as current profile, skipping" profile="unconfined" name="snap.lxd.buginfo" pid=1155 comm="apparmor_parser"
[  126.330519] audit: type=1400 audit(1686056238.473:40): apparmor="STATUS" operation="profile_replace" info="same as current profile, skipping" profile="unconfined" name="snap.lxd.hook.install" pid=1159 comm="apparmor_parser"
[  126.330563] audit: type=1400 audit(1686056238.473:41): apparmor="STATUS" operation="profile_replace" info="same as current profile, skipping" profile="unconfined" name="snap.lxd.migrate" pid=1164 comm="apparmor_parser"
[  410.859094] SGI XFS with ACLs, security attributes, realtime, quota, no debug enabled
[  410.866029] JFS: nTxBlock = 8192, nTxLock = 65536
[  410.874288] ntfs: driver 2.1.32 [Flags: R/O MODULE].
[  410.886215] QNX4 filesystem 0.2.3 registered.
[ 1050.111772] r8169 0000:03:00.0: invalid VPD tag 0x00 (size 0) at offset 0; assume missing optional EEPROM
